Archive member included to satisfy reference by file (symbol)

c:/ac6/systemworkbench/plugins/fr.ac6.mcu.externaltools.arm-none.win32_1.15.0.201708311556/tools/compiler/bin/../lib/gcc/arm-none-eabi/6.3.1/../../../../arm-none-eabi/lib/thumb/v7e-m\libc_nano.a(lib_a-exit.o)
                              c:/ac6/systemworkbench/plugins/fr.ac6.mcu.externaltools.arm-none.win32_1.15.0.201708311556/tools/compiler/bin/../lib/gcc/arm-none-eabi/6.3.1/../../../../arm-none-eabi/lib/thumb/v7e-m/crt0.o (exit)
c:/ac6/systemworkbench/plugins/fr.ac6.mcu.externaltools.arm-none.win32_1.15.0.201708311556/tools/compiler/bin/../lib/gcc/arm-none-eabi/6.3.1/../../../../arm-none-eabi/lib/thumb/v7e-m\libc_nano.a(lib_a-impure.o)
                              c:/ac6/systemworkbench/plugins/fr.ac6.mcu.externaltools.arm-none.win32_1.15.0.201708311556/tools/compiler/bin/../lib/gcc/arm-none-eabi/6.3.1/../../../../arm-none-eabi/lib/thumb/v7e-m\libc_nano.a(lib_a-exit.o) (_global_impure_ptr)
c:/ac6/systemworkbench/plugins/fr.ac6.mcu.externaltools.arm-none.win32_1.15.0.201708311556/tools/compiler/bin/../lib/gcc/arm-none-eabi/6.3.1/../../../../arm-none-eabi/lib/thumb/v7e-m\libc_nano.a(lib_a-init.o)
                              c:/ac6/systemworkbench/plugins/fr.ac6.mcu.externaltools.arm-none.win32_1.15.0.201708311556/tools/compiler/bin/../lib/gcc/arm-none-eabi/6.3.1/../../../../arm-none-eabi/lib/thumb/v7e-m/crt0.o (__libc_init_array)
c:/ac6/systemworkbench/plugins/fr.ac6.mcu.externaltools.arm-none.win32_1.15.0.201708311556/tools/compiler/bin/../lib/gcc/arm-none-eabi/6.3.1/../../../../arm-none-eabi/lib/thumb/v7e-m\libc_nano.a(lib_a-memcmp.o)
                              Src/lib_NDEF/lib_NDEF.o (memcmp)
c:/ac6/systemworkbench/plugins/fr.ac6.mcu.externaltools.arm-none.win32_1.15.0.201708311556/tools/compiler/bin/../lib/gcc/arm-none-eabi/6.3.1/../../../../arm-none-eabi/lib/thumb/v7e-m\libc_nano.a(lib_a-memcpy-stub.o)
                              Src/lib_NDEF/lib_95HF_wrapper.o (memcpy)
c:/ac6/systemworkbench/plugins/fr.ac6.mcu.externaltools.arm-none.win32_1.15.0.201708311556/tools/compiler/bin/../lib/gcc/arm-none-eabi/6.3.1/../../../../arm-none-eabi/lib/thumb/v7e-m\libc_nano.a(lib_a-memmove.o)
                              Src/lib_pcd/lib_nfctype5pcd.o (memmove)
c:/ac6/systemworkbench/plugins/fr.ac6.mcu.externaltools.arm-none.win32_1.15.0.201708311556/tools/compiler/bin/../lib/gcc/arm-none-eabi/6.3.1/../../../../arm-none-eabi/lib/thumb/v7e-m\libc_nano.a(lib_a-memset.o)
                              c:/ac6/systemworkbench/plugins/fr.ac6.mcu.externaltools.arm-none.win32_1.15.0.201708311556/tools/compiler/bin/../lib/gcc/arm-none-eabi/6.3.1/../../../../arm-none-eabi/lib/thumb/v7e-m/crt0.o (memset)
c:/ac6/systemworkbench/plugins/fr.ac6.mcu.externaltools.arm-none.win32_1.15.0.201708311556/tools/compiler/bin/../lib/gcc/arm-none-eabi/6.3.1/../../../../arm-none-eabi/lib/thumb/v7e-m\libc_nano.a(lib_a-sprintf.o)
                              Src/main.o (sprintf)
c:/ac6/systemworkbench/plugins/fr.ac6.mcu.externaltools.arm-none.win32_1.15.0.201708311556/tools/compiler/bin/../lib/gcc/arm-none-eabi/6.3.1/../../../../arm-none-eabi/lib/thumb/v7e-m\libc_nano.a(lib_a-strcpy.o)
                              Src/main.o (strcpy)
c:/ac6/systemworkbench/plugins/fr.ac6.mcu.externaltools.arm-none.win32_1.15.0.201708311556/tools/compiler/bin/../lib/gcc/arm-none-eabi/6.3.1/../../../../arm-none-eabi/lib/thumb/v7e-m\libc_nano.a(lib_a-strlen.o)
                              Src/main.o (strlen)
c:/ac6/systemworkbench/plugins/fr.ac6.mcu.externaltools.arm-none.win32_1.15.0.201708311556/tools/compiler/bin/../lib/gcc/arm-none-eabi/6.3.1/../../../../arm-none-eabi/lib/thumb/v7e-m\libc_nano.a(lib_a-nano-svfprintf.o)
                              c:/ac6/systemworkbench/plugins/fr.ac6.mcu.externaltools.arm-none.win32_1.15.0.201708311556/tools/compiler/bin/../lib/gcc/arm-none-eabi/6.3.1/../../../../arm-none-eabi/lib/thumb/v7e-m\libc_nano.a(lib_a-sprintf.o) (_svfprintf_r)
c:/ac6/systemworkbench/plugins/fr.ac6.mcu.externaltools.arm-none.win32_1.15.0.201708311556/tools/compiler/bin/../lib/gcc/arm-none-eabi/6.3.1/../../../../arm-none-eabi/lib/thumb/v7e-m\libc_nano.a(lib_a-nano-vfprintf_i.o)
                              c:/ac6/systemworkbench/plugins/fr.ac6.mcu.externaltools.arm-none.win32_1.15.0.201708311556/tools/compiler/bin/../lib/gcc/arm-none-eabi/6.3.1/../../../../arm-none-eabi/lib/thumb/v7e-m\libc_nano.a(lib_a-nano-svfprintf.o) (_printf_i)
c:/ac6/systemworkbench/plugins/fr.ac6.mcu.externaltools.arm-none.win32_1.15.0.201708311556/tools/compiler/bin/../lib/gcc/arm-none-eabi/6.3.1/../../../../arm-none-eabi/lib/thumb/v7e-m\libc_nano.a(lib_a-memchr.o)
                              c:/ac6/systemworkbench/plugins/fr.ac6.mcu.externaltools.arm-none.win32_1.15.0.201708311556/tools/compiler/bin/../lib/gcc/arm-none-eabi/6.3.1/../../../../arm-none-eabi/lib/thumb/v7e-m\libc_nano.a(lib_a-nano-svfprintf.o) (memchr)
[...]
Memory Configuration

Name             Origin             Length             Attributes
RAM              0x20000000         0x00018000         xrw
RAM2             0x10000000         0x00008000         xrw
FLASH            0x08000000         0x00100000         xr
*default*        0x00000000         0xffffffff

Linker script and memory map

LOAD c:/ac6/systemworkbench/plugins/fr.ac6.mcu.externaltools.arm-none.win32_1.15.0.201708311556/tools/compiler/bin/../lib/gcc/arm-none-eabi/6.3.1/thumb/v7e-m/crti.o
LOAD c:/ac6/systemworkbench/plugins/fr.ac6.mcu.externaltools.arm-none.win32_1.15.0.201708311556/tools/compiler/bin/../lib/gcc/arm-none-eabi/6.3.1/thumb/v7e-m/crtbegin.o
LOAD c:/ac6/systemworkbench/plugins/fr.ac6.mcu.externaltools.arm-none.win32_1.15.0.201708311556/tools/compiler/bin/../lib/gcc/arm-none-eabi/6.3.1/../../../../arm-none-eabi/lib/thumb/v7e-m/crt0.o
LOAD Drivers/STM32L4xx_HAL_Driver/Src/stm32l4xx_hal.o
LOAD Drivers/STM32L4xx_HAL_Driver/Src/stm32l4xx_hal_cortex.o
LOAD Drivers/STM32L4xx_HAL_Driver/Src/stm32l4xx_hal_dma.o
LOAD Drivers/STM32L4xx_HAL_Driver/Src/stm32l4xx_hal_dma_ex.o
LOAD Drivers/STM32L4xx_HAL_Driver/Src/stm32l4xx_hal_flash.o
LOAD Drivers/STM32L4xx_HAL_Driver/Src/stm32l4xx_hal_flash_ex.o
LOAD Drivers/STM32L4xx_HAL_Driver/Src/stm32l4xx_hal_flash_ramfunc.o
LOAD Drivers/STM32L4xx_HAL_Driver/Src/stm32l4xx_hal_gpio.o
LOAD Drivers/STM32L4xx_HAL_Driver/Src/stm32l4xx_hal_i2c.o
LOAD Drivers/STM32L4xx_HAL_Driver/Src/stm32l4xx_hal_i2c_ex.o
LOAD Drivers/STM32L4xx_HAL_Driver/Src/stm32l4xx_hal_pwr.o
LOAD Drivers/STM32L4xx_HAL_Driver/Src/stm32l4xx_hal_pwr_ex.o
LOAD Drivers/STM32L4xx_HAL_Driver/Src/stm32l4xx_hal_rcc.o
LOAD Drivers/STM32L4xx_HAL_Driver/Src/stm32l4xx_hal_rcc_ex.o
LOAD Drivers/STM32L4xx_HAL_Driver/Src/stm32l4xx_hal_spi.o
LOAD Drivers/STM32L4xx_HAL_Driver/Src/stm32l4xx_hal_spi_ex.o
LOAD Drivers/STM32L4xx_HAL_Driver/Src/stm32l4xx_hal_tim.o
LOAD Drivers/STM32L4xx_HAL_Driver/Src/stm32l4xx_hal_tim_ex.o
LOAD Drivers/STM32L4xx_HAL_Driver/Src/stm32l4xx_hal_uart.o
LOAD Drivers/STM32L4xx_HAL_Driver/Src/stm32l4xx_hal_uart_ex.o
LOAD Src/Drivers/btn_drv.o
LOAD Src/Drivers/com.o
LOAD Src/Drivers/drv_led.o
LOAD Src/Drivers/drv_spi.o
LOAD Src/Drivers/drv_uart.o
LOAD Src/common/lib_95HFConfigManager.o
LOAD Src/drv_95hf.o
LOAD Src/main.o
LOAD Src/stm32l4_hal_msp.o
LOAD Src/stm32l4xx_hal_msp.o
LOAD Src/stm32l4xx_it.o
LOAD Src/system_stm32l4xx.o
LOAD Src/lib_NDEF/lib_95HF_wrapper.o
LOAD Src/lib_NDEF/lib_NDEF.o
LOAD Src/lib_NDEF/lib_NDEF_AAR.o
LOAD Src/lib_NDEF/lib_NDEF_Email.o
LOAD Src/lib_NDEF/lib_NDEF_Geo.o
LOAD Src/lib_NDEF/lib_NDEF_MyApp.o
LOAD Src/lib_NDEF/lib_NDEF_SMS.o
LOAD Src/lib_NDEF/lib_NDEF_Text.o
LOAD Src/lib_NDEF/lib_NDEF_URI.o
LOAD Src/lib_NDEF/lib_NDEF_Vcard.o
LOAD Src/lib_pcd/lib_iso14443Apcd.o
LOAD Src/lib_pcd/lib_iso14443Bpcd.o
LOAD Src/lib_pcd/lib_iso15693pcd.o
LOAD Src/lib_pcd/lib_iso18092pcd.o
LOAD Src/lib_pcd/lib_iso7816pcd.o
LOAD Src/lib_pcd/lib_nfctype1pcd.o
LOAD Src/lib_pcd/lib_nfctype2pcd.o
LOAD Src/lib_pcd/lib_nfctype3pcd.o
LOAD Src/lib_pcd/lib_nfctype4pcd.o
LOAD Src/lib_pcd/lib_nfctype5pcd.o
LOAD Src/lib_pcd/lib_pcd.o
LOAD startup/startup_stm32l476xx.o
LOAD c:/ac6/systemworkbench/plugins/fr.ac6.mcu.externaltools.arm-none.win32_1.15.0.201708311556/tools/compiler/bin/../lib/gcc/arm-none-eabi/6.3.1/../../../../arm-none-eabi/lib/thumb/v7e-m\libm.a
LOAD c:/ac6/systemworkbench/plugins/fr.ac6.mcu.externaltools.arm-none.win32_1.15.0.201708311556/tools/compiler/bin/../lib/gcc/arm-none-eabi/6.3.1/../../../../arm-none-eabi/lib/thumb/v7e-m\libc_nano.a
LOAD c:/ac6/systemworkbench/plugins/fr.ac6.mcu.externaltools.arm-none.win32_1.15.0.201708311556/tools/compiler/bin/../lib/gcc/arm-none-eabi/6.3.1/../../../../arm-none-eabi/lib/thumb/v7e-m\libm.a
START GROUP
LOAD c:/ac6/systemworkbench/plugins/fr.ac6.mcu.externaltools.arm-none.win32_1.15.0.201708311556/tools/compiler/bin/../lib/gcc/arm-none-eabi/6.3.1/thumb/v7e-m\libgcc.a
LOAD c:/ac6/systemworkbench/plugins/fr.ac6.mcu.externaltools.arm-none.win32_1.15.0.201708311556/tools/compiler/bin/../lib/gcc/arm-none-eabi/6.3.1/../../../../arm-none-eabi/lib/thumb/v7e-m\libc_nano.a
END GROUP
START GROUP
LOAD c:/ac6/systemworkbench/plugins/fr.ac6.mcu.externaltools.arm-none.win32_1.15.0.201708311556/tools/compiler/bin/../lib/gcc/arm-none-eabi/6.3.1/thumb/v7e-m\libgcc.a
LOAD c:/ac6/systemworkbench/plugins/fr.ac6.mcu.externaltools.arm-none.win32_1.15.0.201708311556/tools/compiler/bin/../lib/gcc/arm-none-eabi/6.3.1/../../../../arm-none-eabi/lib/thumb/v7e-m\libc_nano.a
LOAD c:/ac6/systemworkbench/plugins/fr.ac6.mcu.externaltools.arm-none.win32_1.15.0.201708311556/tools/compiler/bin/../lib/gcc/arm-none-eabi/6.3.1/../../../../arm-none-eabi/lib/thumb/v7e-m\libnosys.a
END GROUP
START GROUP
LOAD c:/ac6/systemworkbench/plugins/fr.ac6.mcu.externaltools.arm-none.win32_1.15.0.201708311556/tools/compiler/bin/../lib/gcc/arm-none-eabi/6.3.1/thumb/v7e-m\libgcc.a
LOAD c:/ac6/systemworkbench/plugins/fr.ac6.mcu.externaltools.arm-none.win32_1.15.0.201708311556/tools/compiler/bin/../lib/gcc/arm-none-eabi/6.3.1/../../../../arm-none-eabi/lib/thumb/v7e-m\libc_nano.a
LOAD c:/ac6/systemworkbench/plugins/fr.ac6.mcu.externaltools.arm-none.win32_1.15.0.201708311556/tools/compiler/bin/../lib/gcc/arm-none-eabi/6.3.1/../../../../arm-none-eabi/lib/thumb/v7e-m\libnosys.a
END GROUP
LOAD c:/ac6/systemworkbench/plugins/fr.ac6.mcu.externaltools.arm-none.win32_1.15.0.201708311556/tools/compiler/bin/../lib/gcc/arm-none-eabi/6.3.1/thumb/v7e-m/crtend.o
LOAD c:/ac6/systemworkbench/plugins/fr.ac6.mcu.externaltools.arm-none.win32_1.15.0.201708311556/tools/compiler/bin/../lib/gcc/arm-none-eabi/6.3.1/thumb/v7e-m/crtn.o
                0x20018000                _estack = 0x20018000
                0x00000200                _Min_Heap_Size = 0x200
                0x00000c00                _Min_Stack_Size = 0xc00

.isr_vector     0x08000000      0x188
                0x08000000                . = ALIGN (0x8)
 *(.isr_vector)
 .isr_vector    0x08000000      0x188 startup/startup_stm32l476xx.o
                0x08000000                g_pfnVectors
                0x08000188                . = ALIGN (0x8)

.text           0x08000190     0x72e8
                0x08000190                . = ALIGN (0x8)
 *(.text)
 .text          0x08000190       0x6c c:/ac6/systemworkbench/plugins/fr.ac6.mcu.externaltools.arm-none.win32_1.15.0.201708311556/tools/compiler/bin/../lib/gcc/arm-none-eabi/6.3.1/thumb/v7e-m/crtbegin.o
 .text          0x080001fc       0x10 c:/ac6/systemworkbench/plugins/fr.ac6.mcu.externaltools.arm-none.win32_1.15.0.201708311556/tools/compiler/bin/../lib/gcc/arm-none-eabi/6.3.1/../../../../arm-none-eabi/lib/thumb/v7e-m\libc_nano.a(lib_a-strlen.o)
                0x080001fc                strlen
 *fill*         0x0800020c        0x4 
 .text          0x08000210       0xa0 c:/ac6/systemworkbench/plugins/fr.ac6.mcu.externaltools.arm-none.win32_1.15.0.201708311556/tools/compiler/bin/../lib/gcc/arm-none-eabi/6.3.1/../../../../arm-none-eabi/lib/thumb/v7e-m\libc_nano.a(lib_a-memchr.o)
                0x08000210                memchr
 .text          0x080002b0       0x30 c:/ac6/systemworkbench/plugins/fr.ac6.mcu.externaltools.arm-none.win32_1.15.0.201708311556/tools/compiler/bin/../lib/gcc/arm-none-eabi/6.3.1/thumb/v7e-m\libgcc.a(_aeabi_uldivmod.o)
                0x080002b0                __aeabi_uldivmod
 .text          0x080002e0      0x2dc c:/ac6/systemworkbench/plugins/fr.ac6.mcu.externaltools.arm-none.win32_1.15.0.201708311556/tools/compiler/bin/../lib/gcc/arm-none-eabi/6.3.1/thumb/v7e-m\libgcc.a(_udivmoddi4.o)
                0x080002e0                __udivmoddi4
 .text          0x080005bc        0x4 c:/ac6/systemworkbench/plugins/fr.ac6.mcu.externaltools.arm-none.win32_1.15.0.201708311556/tools/compiler/bin/../lib/gcc/arm-none-eabi/6.3.1/thumb/v7e-m\libgcc.a(_dvmd_tls.o)
                0x080005bc                __aeabi_idiv0
                0x080005bc                __aeabi_ldiv0
 *(.text*)
 .text.HAL_InitTick
                0x080005c0       0x30 Drivers/STM32L4xx_HAL_Driver/Src/stm32l4xx_hal.o
                0x080005c0                HAL_InitTick
 .text.HAL_Init
                0x080005f0       0x1e Drivers/STM32L4xx_HAL_Driver/Src/stm32l4xx_hal.o
                0x080005f0                HAL_Init
 *fill*         0x0800060e        0x2 
 .text.HAL_IncTick
                0x08000610       0x10 Drivers/STM32L4xx_HAL_Driver/Src/stm32l4xx_hal.o
                0x08000610                HAL_IncTick
 .text.HAL_GetTick
                0x08000620        0xc Drivers/STM32L4xx_HAL_Driver/Src/stm32l4xx_hal.o
                0x08000620                HAL_GetTick
 .text.HAL_Delay
                0x0800062c       0x1c Drivers/STM32L4xx_HAL_Driver/Src/stm32l4xx_hal.o
                0x0800062c                HAL_Delay
 .text.HAL_NVIC_SetPriorityGrouping
                0x08000648       0x3c Drivers/STM32L4xx_HAL_Driver/Src/stm32l4xx_hal_cortex.o
                0x08000648                HAL_NVIC_SetPriorityGrouping
 .text.HAL_NVIC_SetPriority
                0x08000684       0x84 Drivers/STM32L4xx_HAL_Driver/Src/stm32l4xx_hal_cortex.o
                0x08000684                HAL_NVIC_SetPriority
 .text.HAL_NVIC_EnableIRQ
                0x08000708       0x2c Drivers/STM32L4xx_HAL_Driver/Src/stm32l4xx_hal_cortex.o
                0x08000708                HAL_NVIC_EnableIRQ
 .text.HAL_SYSTICK_Config
                0x08000734       0x2c Drivers/STM32L4xx_HAL_Driver/Src/stm32l4xx_hal_cortex.o
                0x08000734                HAL_SYSTICK_Config
 .text.HAL_SYSTICK_CLKSourceConfig
                0x08000760       0x30 Drivers/STM32L4xx_HAL_Driver/Src/stm32l4xx_hal_cortex.o
                0x08000760                HAL_SYSTICK_CLKSourceConfig
 .text.HAL_SYSTICK_Callback
                0x08000790        0x2 Drivers/STM32L4xx_HAL_Driver/Src/stm32l4xx_hal_cortex.o
                0x08000790                HAL_SYSTICK_Callback
 .text.HAL_SYSTICK_IRQHandler
                0x08000792        0x8 Drivers/STM32L4xx_HAL_Driver/Src/stm32l4xx_hal_cortex.o
                0x08000792                HAL_SYSTICK_IRQHandler
 *fill*         0x0800079a        0x2 
 .text.HAL_GPIO_Init
                0x0800079c      0x2d0 Drivers/STM32L4xx_HAL_Driver/Src/stm32l4xx_hal_gpio.o
                0x0800079c                HAL_GPIO_Init
 .text.HAL_GPIO_ReadPin
                0x08000a6c       0x24 Drivers/STM32L4xx_HAL_Driver/Src/stm32l4xx_hal_gpio.o
                0x08000a6c                HAL_GPIO_ReadPin
 .text.HAL_GPIO_WritePin
                0x08000a90       0x34 Drivers/STM32L4xx_HAL_Driver/Src/stm32l4xx_hal_gpio.o
                0x08000a90                HAL_GPIO_WritePin
 .text.HAL_GPIO_TogglePin
                0x08000ac4       0x20 Drivers/STM32L4xx_HAL_Driver/Src/stm32l4xx_hal_gpio.o
                0x08000ac4                HAL_GPIO_TogglePin
 .text.HAL_GPIO_EXTI_IRQHandler
                0x08000ae4       0x18 Drivers/STM32L4xx_HAL_Driver/Src/stm32l4xx_hal_gpio.o
                0x08000ae4                HAL_GPIO_EXTI_IRQHandler
 .text.HAL_PWREx_GetVoltageRange
                0x08000afc       0x10 Drivers/STM32L4xx_HAL_Driver/Src/stm32l4xx_hal_pwr_ex.o
                0x08000afc                HAL_PWREx_GetVoltageRange
 .text.HAL_PWREx_ControlVoltageScaling
                0x08000b0c       0x88 Drivers/STM32L4xx_HAL_Driver/Src/stm32l4xx_hal_pwr_ex.o
                0x08000b0c                HAL_PWREx_ControlVoltageScaling
 .text.RCC_SetFlashLatencyFromMSIRange
                0x08000b94       0x84 Drivers/STM32L4xx_HAL_Driver/Src/stm32l4xx_hal_rcc.o
 .text.HAL_RCC_GetSysClockFreq
                0x08000c18       0xa8 Drivers/STM32L4xx_HAL_Driver/Src/stm32l4xx_hal_rcc.o
                0x08000c18                HAL_RCC_GetSysClockFreq
 .text.HAL_RCC_OscConfig
                0x08000cc0      0x594 Drivers/STM32L4xx_HAL_Driver/Src/stm32l4xx_hal_rcc.o
                0x08000cc0                HAL_RCC_OscConfig
 .text.HAL_RCC_ClockConfig
                0x08001254      0x1d4 Drivers/STM32L4xx_HAL_Driver/Src/stm32l4xx_hal_rcc.o
                0x08001254                HAL_RCC_ClockConfig
 .text.HAL_RCC_GetHCLKFreq
                0x08001428        0xc Drivers/STM32L4xx_HAL_Driver/Src/stm32l4xx_hal_rcc.o
                0x08001428                HAL_RCC_GetHCLKFreq
 .text.HAL_RCC_GetPCLK1Freq
                0x08001434       0x24 Drivers/STM32L4xx_HAL_Driver/Src/stm32l4xx_hal_rcc.o
                0x08001434                HAL_RCC_GetPCLK1Freq
 .text.HAL_RCC_GetPCLK2Freq
                0x08001458       0x24 Drivers/STM32L4xx_HAL_Driver/Src/stm32l4xx_hal_rcc.o
                0x08001458                HAL_RCC_GetPCLK2Freq
 .text.RCCEx_PLLSAI1_Config
                0x0800147c      0x1bc Drivers/STM32L4xx_HAL_Driver/Src/stm32l4xx_hal_rcc_ex.o
 .text.RCCEx_PLLSAI2_Config
                0x08001638      0x184 Drivers/STM32L4xx_HAL_Driver/Src/stm32l4xx_hal_rcc_ex.o
 .text.HAL_RCCEx_PeriphCLKConfig
                0x080017bc      0x58c Drivers/STM32L4xx_HAL_Driver/Src/stm32l4xx_hal_rcc_ex.o
                0x080017bc                HAL_RCCEx_PeriphCLKConfig
 .text.SPI_WaitFifoStateUntilTimeout.part.1
                0x08001d48       0x50 Drivers/STM32L4xx_HAL_Driver/Src/stm32l4xx_hal_spi.o
 .text.SPI_WaitFlagStateUntilTimeout.constprop.10
                0x08001d98       0x2c Drivers/STM32L4xx_HAL_Driver/Src/stm32l4xx_hal_spi.o
 .text.SPI_WaitFifoStateUntilTimeout.constprop.11
                0x08001dc4       0x34 Drivers/STM32L4xx_HAL_Driver/Src/stm32l4xx_hal_spi.o
 .text.SPI_EndRxTxTransaction
                0x08001df8       0x44 Drivers/STM32L4xx_HAL_Driver/Src/stm32l4xx_hal_spi.o
 .text.HAL_SPI_Init
                0x08001e3c      0x1c0 Drivers/STM32L4xx_HAL_Driver/Src/stm32l4xx_hal_spi.o
                0x08001e3c                HAL_SPI_Init
 .text.HAL_SPI_TransmitReceive
                0x08001ffc      0x25c Drivers/STM32L4xx_HAL_Driver/Src/stm32l4xx_hal_spi.o
                0x08001ffc                HAL_SPI_TransmitReceive
 .text.HAL_SPI_GetState
                0x08002258        0x6 Drivers/STM32L4xx_HAL_Driver/Src/stm32l4xx_hal_spi.o
                0x08002258                HAL_SPI_GetState
 *fill*         0x0800225e        0x2 
 .text.HAL_TIM_Base_Start_IT
                0x08002260       0x9c Drivers/STM32L4xx_HAL_Driver/Src/stm32l4xx_hal_tim.o
                0x08002260                HAL_TIM_Base_Start_IT
 .text.HAL_TIM_Base_Stop_IT
                0x080022fc       0x98 Drivers/STM32L4xx_HAL_Driver/Src/stm32l4xx_hal_tim.o
                0x080022fc                HAL_TIM_Base_Stop_IT
 .text.HAL_TIM_OC_DelayElapsedCallback
                0x08002394        0x2 Drivers/STM32L4xx_HAL_Driver/Src/stm32l4xx_hal_tim.o
                0x08002394                HAL_TIM_OC_DelayElapsedCallback
 .text.HAL_TIM_IC_CaptureCallback
                0x08002396        0x2 Drivers/STM32L4xx_HAL_Driver/Src/stm32l4xx_hal_tim.o
                0x08002396                HAL_TIM_IC_CaptureCallback
 .text.HAL_TIM_PWM_PulseFinishedCallback
                0x08002398        0x2 Drivers/STM32L4xx_HAL_Driver/Src/stm32l4xx_hal_tim.o
                0x08002398                HAL_TIM_PWM_PulseFinishedCallback
 .text.HAL_TIM_TriggerCallback
                0x0800239a        0x2 Drivers/STM32L4xx_HAL_Driver/Src/stm32l4xx_hal_tim.o
                0x0800239a                HAL_TIM_TriggerCallback
 .text.HAL_TIM_IRQHandler
                0x0800239c      0x160 Drivers/STM32L4xx_HAL_Driver/Src/stm32l4xx_hal_tim.o
                0x0800239c                HAL_TIM_IRQHandler
 .text.TIM_Base_SetConfig
                0x080024fc       0xcc Drivers/STM32L4xx_HAL_Driver/Src/stm32l4xx_hal_tim.o
                0x080024fc                TIM_Base_SetConfig
 .text.HAL_TIM_Base_Init
                0x080025c8       0xe8 Drivers/STM32L4xx_HAL_Driver/Src/stm32l4xx_hal_tim.o
                0x080025c8                HAL_TIM_Base_Init
 .text.HAL_TIMEx_CommutationCallback
                0x080026b0        0x2 Drivers/STM32L4xx_HAL_Driver/Src/stm32l4xx_hal_tim_ex.o
                0x080026b0                HAL_TIMEx_CommutationCallback
 .text.HAL_TIMEx_BreakCallback
                0x080026b2        0x2 Drivers/STM32L4xx_HAL_Driver/Src/stm32l4xx_hal_tim_ex.o
                0x080026b2                HAL_TIMEx_BreakCallback
 .text.HAL_TIMEx_Break2Callback
                0x080026b4        0x2 Drivers/STM32L4xx_HAL_Driver/Src/stm32l4xx_hal_tim_ex.o
                0x080026b4                HAL_TIMEx_Break2Callback
 .text.HAL_UART_GetState
                0x080026b6        0xc Drivers/STM32L4xx_HAL_Driver/Src/stm32l4xx_hal_uart.o
                0x080026b6                HAL_UART_GetState
 *fill*         0x080026c2        0x2 
 .text.UART_SetConfig
                0x080026c4      0x3f4 Drivers/STM32L4xx_HAL_Driver/Src/stm32l4xx_hal_uart.o
                0x080026c4                UART_SetConfig
 .text.UART_AdvFeatureConfig
                0x08002ab8      0x1a8 Drivers/STM32L4xx_HAL_Driver/Src/stm32l4xx_hal_uart.o
                0x08002ab8                UART_AdvFeatureConfig
 .text.UART_WaitOnFlagUntilTimeout
                0x08002c60       0x62 Drivers/STM32L4xx_HAL_Driver/Src/stm32l4xx_hal_uart.o
                0x08002c60                UART_WaitOnFlagUntilTimeout
 .text.HAL_UART_Transmit
                0x08002cc2       0xae Drivers/STM32L4xx_HAL_Driver/Src/stm32l4xx_hal_uart.o
                0x08002cc2                HAL_UART_Transmit
 .text.HAL_UART_Receive
                0x08002d70       0xde Drivers/STM32L4xx_HAL_Driver/Src/stm32l4xx_hal_uart.o
                0x08002d70                HAL_UART_Receive
 .text.UART_CheckIdleState
                0x08002e4e       0x64 Drivers/STM32L4xx_HAL_Driver/Src/stm32l4xx_hal_uart.o
                0x08002e4e                UART_CheckIdleState
 *fill*         0x08002eb2        0x2 
 .text.HAL_UART_Init
                0x08002eb4       0xe4 Drivers/STM32L4xx_HAL_Driver/Src/stm32l4xx_hal_uart.o
                0x08002eb4                HAL_UART_Init
 .text.BSP_PB_Init
                0x08002f98       0x74 Src/Drivers/btn_drv.o
                0x08002f98                BSP_PB_Init
 .text.BSP_PB_GetState
                0x0800300c       0x18 Src/Drivers/btn_drv.o
                0x0800300c                BSP_PB_GetState
 .text.USARTConfig
                0x08003024       0xa4 Src/Drivers/com.o
                0x08003024                USARTConfig
 .text.LED_On   0x080030c8       0x1c Src/Drivers/drv_led.o
                0x080030c8                LED_On
 .text.LED_Off  0x080030e4       0x1c Src/Drivers/drv_led.o
                0x080030e4                LED_Off
 .text.initLED  0x08003100       0x78 Src/Drivers/drv_led.o
                0x08003100                initLED
 .text.LED_Toggle
                0x08003178       0x14 Src/Drivers/drv_led.o
                0x08003178                LED_Toggle
 .text.RFTRANS_SPI_MSPInit
                0x0800318c      0x110 Src/Drivers/drv_spi.o
                0x0800318c                RFTRANS_SPI_MSPInit
 .text.RFTRANS_SPI_Init
                0x0800329c       0x50 Src/Drivers/drv_spi.o
                0x0800329c                RFTRANS_SPI_Init
 .text.RFTRANS_ConfigureInterfacePin
                0x080032ec       0x3c Src/Drivers/drv_spi.o
                0x080032ec                RFTRANS_ConfigureInterfacePin
 .text.SPI_SendReceiveByte
                0x08003328       0x2c Src/Drivers/drv_spi.o
                0x08003328                SPI_SendReceiveByte
 .text.SPI_SendReceiveBuffer
                0x08003354       0x1e Src/Drivers/drv_spi.o
                0x08003354                SPI_SendReceiveBuffer
 *fill*         0x08003372        0x2 
 .text.RFTRANS_UART_MSPInit
                0x08003374       0xf0 Src/Drivers/drv_uart.o
                0x08003374                RFTRANS_UART_MSPInit
 .text.RFTRANS_UART_Init
                0x08003464       0x3c Src/Drivers/drv_uart.o
                0x08003464                RFTRANS_UART_Init
 .text.UART_SendByte
                0x080034a0       0x20 Src/Drivers/drv_uart.o
                0x080034a0                UART_SendByte
 .text.UART_ReceiveByte
                0x080034c0       0x24 Src/Drivers/drv_uart.o
                0x080034c0                UART_ReceiveByte
 .text.UART_SendBuffer
                0x080034e4       0x18 Src/Drivers/drv_uart.o
                0x080034e4                UART_SendBuffer
 .text.UART_ReceiveBuffer
                0x080034fc       0x18 Src/Drivers/drv_uart.o
                0x080034fc                UART_ReceiveBuffer
 .text.ConfigManager_HWInit
                0x08003514       0xa0 Src/common/lib_95HFConfigManager.o
                0x08003514                ConfigManager_HWInit
 .text.ConfigManager_TagHunting
                0x080035b4       0xe8 Src/common/lib_95HFConfigManager.o
                0x080035b4                ConfigManager_TagHunting
 .text.drv95HF_SPIPollingCommand
                0x0800369c       0x88 Src/drv_95hf.o
 .text.drv95HF_SendUARTCommand
                0x08003724       0x16 Src/drv_95hf.o
 .text.drv95HF_ReceiveUARTResponse
                0x0800373a       0x2a Src/drv_95hf.o
 .text.drv95HF_InitConfigStructure
                0x08003764       0x18 Src/drv_95hf.o
                0x08003764                drv95HF_InitConfigStructure
 .text.drv95HF_GetInterfacePinState
                0x0800377c       0x14 Src/drv_95hf.o
                0x0800377c                drv95HF_GetInterfacePinState
 .text.drv95HF_InitilizeSerialInterface
                0x08003790       0x28 Src/drv_95hf.o
                0x08003790                drv95HF_InitilizeSerialInterface
 .text.drv95HF_EnableInterrupt
                0x080037b8       0x14 Src/drv_95hf.o
                0x080037b8                drv95HF_EnableInterrupt
 .text.drv95HF_GetSerialInterface
                0x080037cc        0xc Src/drv_95hf.o
                0x080037cc                drv95HF_GetSerialInterface
 .text.drv95HF_SendSPICommand
                0x080037d8       0x44 Src/drv_95hf.o
                0x080037d8                drv95HF_SendSPICommand
 .text.drv95HF_ReceiveSPIResponse
                0x0800381c       0x64 Src/drv_95hf.o
                0x0800381c                drv95HF_ReceiveSPIResponse
 .text.drv95HF_SendReceive
                0x08003880       0x68 Src/drv_95hf.o
                0x08003880                drv95HF_SendReceive
 .text.drv95HF_SendIRQINPulse
                0x080038e8       0x5c Src/drv_95hf.o
                0x080038e8                drv95HF_SendIRQINPulse
 .text.drv95HF_ResetSPI
                0x08003944       0x50 Src/drv_95hf.o
                0x08003944                drv95HF_ResetSPI
 .text.SystemClock_Config
                0x08003994       0x8e Src/main.o
                0x08003994                SystemClock_Config
 *fill*         0x08003a22        0x2 
 .text.clearScreen
                0x08003a24       0x2c Src/main.o
                0x08003a24                clearScreen
 .text.startup.main
                0x08003a50      0x370 Src/main.o
                0x08003a50                main
 .text.assert_failed
                0x08003dc0        0x2 Src/main.o
                0x08003dc0                assert_failed
 *fill*         0x08003dc2        0x2 
 .text.HAL_Delay_Us
                0x08003dc4       0x2c Src/stm32l4_hal_msp.o
                0x08003dc4                HAL_Delay_Us
 .text.HAL_MspInit
                0x08003df0       0x8c Src/stm32l4xx_hal_msp.o
                0x08003df0                HAL_MspInit
 .text.HAL_SPI_MspInit
                0x08003e7c       0x48 Src/stm32l4xx_hal_msp.o
                0x08003e7c                HAL_SPI_MspInit
 .text.HAL_TIM_Base_MspInit
                0x08003ec4       0x94 Src/stm32l4xx_hal_msp.o
                0x08003ec4                HAL_TIM_Base_MspInit
 .text.HAL_UART_MspInit
                0x08003f58       0x48 Src/stm32l4xx_hal_msp.o
                0x08003f58                HAL_UART_MspInit
 .text.NMI_Handler
                0x08003fa0        0x2 Src/stm32l4xx_it.o
                0x08003fa0                NMI_Handler
 .text.HardFault_Handler
                0x08003fa2        0x2 Src/stm32l4xx_it.o
                0x08003fa2                HardFault_Handler
 .text.MemManage_Handler
                0x08003fa4        0x2 Src/stm32l4xx_it.o
                0x08003fa4                MemManage_Handler
 .text.BusFault_Handler
                0x08003fa6        0x2 Src/stm32l4xx_it.o
                0x08003fa6                BusFault_Handler
 .text.UsageFault_Handler
                0x08003fa8        0x2 Src/stm32l4xx_it.o
                0x08003fa8                UsageFault_Handler
 .text.SVC_Handler
                0x08003faa        0x2 Src/stm32l4xx_it.o
                0x08003faa                SVC_Handler
 .text.DebugMon_Handler
                0x08003fac        0x2 Src/stm32l4xx_it.o
                0x08003fac                DebugMon_Handler
 .text.PendSV_Handler
                0x08003fae        0x2 Src/stm32l4xx_it.o
                0x08003fae                PendSV_Handler
 .text.SysTick_Handler
                0x08003fb0        0xe Src/stm32l4xx_it.o
                0x08003fb0                SysTick_Handler
 *fill*         0x08003fbe        0x2 
 .text.StartTimeOut
                0x08003fc0       0x24 Src/stm32l4xx_it.o
                0x08003fc0                StartTimeOut
 .text.StopTimeOut
                0x08003fe4        0xc Src/stm32l4xx_it.o
                0x08003fe4                StopTimeOut
 .text.drvInt_Enable_Reply_IRQ
                0x08003ff0       0x14 Src/stm32l4xx_it.o
                0x08003ff0                drvInt_Enable_Reply_IRQ
 .text.drvInt_Enable_RFEvent_IRQ
                0x08004004       0x14 Src/stm32l4xx_it.o
                0x08004004                drvInt_Enable_RFEvent_IRQ
 .text.EXTI15_10_IRQHandler
                0x08004018       0x16 Src/stm32l4xx_it.o
                0x08004018                EXTI15_10_IRQHandler
 *fill*         0x0800402e        0x2 
 .text.HAL_GPIO_EXTI_Callback
                0x08004030       0x30 Src/stm32l4xx_it.o
                0x08004030                HAL_GPIO_EXTI_Callback
 .text.TIM2_IRQHandler
                0x08004060        0xc Src/stm32l4xx_it.o
                0x08004060                TIM2_IRQHandler
 .text.TIM3_IRQHandler
                0x0800406c        0xc Src/stm32l4xx_it.o
                0x0800406c                TIM3_IRQHandler
 .text.TIM4_IRQHandler
                0x08004078        0xc Src/stm32l4xx_it.o
                0x08004078                TIM4_IRQHandler
 .text.HAL_TIM_PeriodElapsedCallback
                0x08004084       0x74 Src/stm32l4xx_it.o
                0x08004084                HAL_TIM_PeriodElapsedCallback
 .text.SystemInit
                0x080040f8       0x3c Src/system_stm32l4xx.o
                0x080040f8                SystemInit
 .text.ReadData
                0x08004134      0x158 Src/lib_NDEF/lib_95HF_wrapper.o
                0x08004134                ReadData
 .text.WriteData
                0x0800428c      0x1c8 Src/lib_NDEF/lib_95HF_wrapper.o
                0x0800428c                WriteData
 .text.NDEF_ParseRecordHeader
                0x08004454      0x230 Src/lib_NDEF/lib_NDEF.o
 .text.NDEF_IdentifyNDEF
                0x08004684      0x100 Src/lib_NDEF/lib_NDEF.o
                0x08004684                NDEF_IdentifyNDEF
 .text.NDEF_WriteText
                0x08004784       0x80 Src/lib_NDEF/lib_NDEF_Text.o
                0x08004784                NDEF_WriteText
 .text.NDEF_ReadText
                0x08004804       0x70 Src/lib_NDEF/lib_NDEF_Text.o
                0x08004804                NDEF_ReadText
 .text.ISO14443A_InitStructure
                0x08004874       0x20 Src/lib_pcd/lib_iso14443Apcd.o
 .text.ISO14443A_AC
                0x08004894      0x226 Src/lib_pcd/lib_iso14443Apcd.o
 *fill*         0x08004aba        0x2 
 .text.ISO14443A_ACLevel3.part.1
                0x08004abc       0x50 Src/lib_pcd/lib_iso14443Apcd.o
 .text.ISO14443A_ACLevel1.part.2
                0x08004b0c       0x74 Src/lib_pcd/lib_iso14443Apcd.o
 .text.ISO14443A_ACLevel2.part.3
                0x08004b80       0x7c Src/lib_pcd/lib_iso14443Apcd.o
 .text.TOPAZ_ID
                0x08004bfc       0x4c Src/lib_pcd/lib_iso14443Apcd.o
                0x08004bfc                TOPAZ_ID
 .text.ISO14443A_IsPresent
                0x08004c48       0x68 Src/lib_pcd/lib_iso14443Apcd.o
                0x08004c48                ISO14443A_IsPresent
 .text.ISO14443A_ConfigFDTforAnticollision
                0x08004cb0       0x68 Src/lib_pcd/lib_iso14443Apcd.o
                0x08004cb0                ISO14443A_ConfigFDTforAnticollision
 .text.ISO14443A_Init
                0x08004d18       0x28 Src/lib_pcd/lib_iso14443Apcd.o
                0x08004d18                ISO14443A_Init
 .text.ISO14443A_ConfigFDTforRATS
                0x08004d40       0x78 Src/lib_pcd/lib_iso14443Apcd.o
                0x08004d40                ISO14443A_ConfigFDTforRATS
 .text.ISO14443A_ConfigFDT
                0x08004db8       0x8c Src/lib_pcd/lib_iso14443Apcd.o
                0x08004db8                ISO14443A_ConfigFDT
 .text.ISO14443A_Anticollision
                0x08004e44      0x138 Src/lib_pcd/lib_iso14443Apcd.o
                0x08004e44                ISO14443A_Anticollision
 .text.ISO14443B_Init
                0x08004f7c       0xdc Src/lib_pcd/lib_iso14443Bpcd.o
                0x08004f7c                ISO14443B_Init
 .text.ISO14443B_ReqB
                0x08005058       0x64 Src/lib_pcd/lib_iso14443Bpcd.o
                0x08005058                ISO14443B_ReqB
 .text.ISO14443B_AttriB
                0x080050bc       0x4c Src/lib_pcd/lib_iso14443Bpcd.o
                0x080050bc                ISO14443B_AttriB
 .text.ISO14443B_IsPresent
                0x08005108       0x18 Src/lib_pcd/lib_iso14443Bpcd.o
                0x08005108                ISO14443B_IsPresent
 .text.ISO14443B_Anticollision
                0x08005120       0x50 Src/lib_pcd/lib_iso14443Bpcd.o
                0x08005120                ISO14443B_Anticollision
 .text.ISO15693_Inventory
                0x08005170       0xda Src/lib_pcd/lib_iso15693pcd.o
 .text.ISO15693_WriteTagData
                0x0800524a       0xdc Src/lib_pcd/lib_iso15693pcd.o
 *fill*         0x08005326        0x2 
 .text.ISO15693_Init
                0x08005328       0x58 Src/lib_pcd/lib_iso15693pcd.o
                0x08005328                ISO15693_Init
 .text.ISO15693_GetUID
                0x08005380       0x68 Src/lib_pcd/lib_iso15693pcd.o
                0x08005380                ISO15693_GetUID
 .text.ISO15693_GetSystemInfo
                0x080053e8       0x5c Src/lib_pcd/lib_iso15693pcd.o
                0x080053e8                ISO15693_GetSystemInfo
 .text.ISO15693_ReadBytesTagData
                0x08005444      0x1b0 Src/lib_pcd/lib_iso15693pcd.o
                0x08005444                ISO15693_ReadBytesTagData
 .text.ISO15693_WriteBytes_TagData
                0x080055f4      0x114 Src/lib_pcd/lib_iso15693pcd.o
                0x080055f4                ISO15693_WriteBytes_TagData
 .text.FELICA_Initialization
                0x08005708       0x6c Src/lib_pcd/lib_iso18092pcd.o
                0x08005708                FELICA_Initialization
 .text.FELICA_IsPresent
                0x08005774       0x78 Src/lib_pcd/lib_iso18092pcd.o
                0x08005774                FELICA_IsPresent
 .text.ISO7816_SendReceiveAPDU
                0x080057ec      0x11c Src/lib_pcd/lib_iso7816pcd.o
 .text.ISO7816_SelectFile
                0x08005908       0x44 Src/lib_pcd/lib_iso7816pcd.o
                0x08005908                ISO7816_SelectFile
 .text.ISO7816_ReadBinary
                0x0800594c       0x24 Src/lib_pcd/lib_iso7816pcd.o
                0x0800594c                ISO7816_ReadBinary
 .text.ISO7816_UpdateBinary
                0x08005970       0x30 Src/lib_pcd/lib_iso7816pcd.o
                0x08005970                ISO7816_UpdateBinary
 .text.PCDNFCT1_ReadAll
                0x080059a0       0x30 Src/lib_pcd/lib_nfctype1pcd.o
 .text.PCDNFCT1_WriteErase
                0x080059d0       0x4c Src/lib_pcd/lib_nfctype1pcd.o
 .text.PCDNFCT1_ReadNDEF
                0x08005a1c       0x88 Src/lib_pcd/lib_nfctype1pcd.o
                0x08005a1c                PCDNFCT1_ReadNDEF
 .text.PCDNFCT1_WriteNDEF
                0x08005aa4       0xbc Src/lib_pcd/lib_nfctype1pcd.o
                0x08005aa4                PCDNFCT1_WriteNDEF
 .text.PCDNFCT2_SectorSelect
                0x08005b60       0x70 Src/lib_pcd/lib_nfctype2pcd.o
 .text.PCDNFCT2_Read
                0x08005bd0       0x30 Src/lib_pcd/lib_nfctype2pcd.o
 .text.PCDNFCT2_ReadNDEF
                0x08005c00      0x120 Src/lib_pcd/lib_nfctype2pcd.o
                0x08005c00                PCDNFCT2_ReadNDEF
 .text.PCDNFCT2_WriteNDEF
                0x08005d20      0x1e8 Src/lib_pcd/lib_nfctype2pcd.o
                0x08005d20                PCDNFCT2_WriteNDEF
 .text.PCDNFCT3_ReadAttribInfo
                0x08005f08       0x54 Src/lib_pcd/lib_nfctype3pcd.o
 .text.PCDNFCT3_ReadMessage
                0x08005f5c      0x120 Src/lib_pcd/lib_nfctype3pcd.o
 .text.PCDNFCT3_WriteAttribInfo
                0x0800607c       0x80 Src/lib_pcd/lib_nfctype3pcd.o
 .text.PCDNFCT3_ReadNDEF
                0x080060fc       0x5c Src/lib_pcd/lib_nfctype3pcd.o
                0x080060fc                PCDNFCT3_ReadNDEF
 .text.PCDNFCT3_WriteNDEF
                0x08006158      0x224 Src/lib_pcd/lib_nfctype3pcd.o
                0x08006158                PCDNFCT3_WriteNDEF
 .text.PCDNFCT4_SelectApplication
                0x0800637c       0x28 Src/lib_pcd/lib_nfctype4pcd.o
 .text.PCDNFCT4_SelectCCfile
                0x080063a4       0x28 Src/lib_pcd/lib_nfctype4pcd.o
 .text.PCDNFCT4_ReadBinary
                0x080063cc       0x16 Src/lib_pcd/lib_nfctype4pcd.o
 *fill*         0x080063e2        0x2 
 .text.PCDNFCT4_ReadNDEF
                0x080063e4      0x11c Src/lib_pcd/lib_nfctype4pcd.o
                0x080063e4                PCDNFCT4_ReadNDEF
 .text.PCDNFCT4_WriteNDEF
                0x08006500      0x124 Src/lib_pcd/lib_nfctype4pcd.o
                0x08006500                PCDNFCT4_WriteNDEF
 .text.PCDNFCT5_ExtendedGetSystemInfo
                0x08006624       0x56 Src/lib_pcd/lib_nfctype5pcd.o
                0x08006624                PCDNFCT5_ExtendedGetSystemInfo
 *fill*         0x0800667a        0x2 
 .text.PCDNFCT5_ReadNDEF
                0x0800667c       0xd8 Src/lib_pcd/lib_nfctype5pcd.o
                0x0800667c                PCDNFCT5_ReadNDEF
 .text.PCDNFCT5_WriteNDEF
                0x08006754      0x190 Src/lib_pcd/lib_nfctype5pcd.o
                0x08006754                PCDNFCT5_WriteNDEF
 .text.PCD_Echo
                0x080068e4       0x1a Src/lib_pcd/lib_pcd.o
                0x080068e4                PCD_Echo
 .text.PCD_WriteRegister
                0x080068fe       0x2e Src/lib_pcd/lib_pcd.o
                0x080068fe                PCD_WriteRegister
 .text.PCD_PORsequence
                0x0800692c       0x68 Src/lib_pcd/lib_pcd.o
                0x0800692c                PCD_PORsequence
 .text.PCD_ProtocolSelect
                0x08006994       0x5c Src/lib_pcd/lib_pcd.o
                0x08006994                PCD_ProtocolSelect
 .text.PCD_FieldOff
                0x080069f0       0x1a Src/lib_pcd/lib_pcd.o
                0x080069f0                PCD_FieldOff
 .text.PCD_IsCRCOk
                0x08006a0a       0x30 Src/lib_pcd/lib_pcd.o
                0x08006a0a                PCD_IsCRCOk
 .text.PCD_IsReaderResultCodeOk
                0x08006a3a       0x5e Src/lib_pcd/lib_pcd.o
                0x08006a3a                PCD_IsReaderResultCodeOk
 .text.PCD_SendRecv
                0x08006a98       0x44 Src/lib_pcd/lib_pcd.o
                0x08006a98                PCD_SendRecv
 .text.PCD_ReadRegister
                0x08006adc       0x34 Src/lib_pcd/lib_pcd.o
                0x08006adc                PCD_ReadRegister
 .text.PCD_CheckSendReceive
                0x08006b10       0x1a Src/lib_pcd/lib_pcd.o
                0x08006b10                PCD_CheckSendReceive
 *fill*         0x08006b2a        0x2 
 .text.Reset_Handler
                0x08006b2c       0x50 startup/startup_stm32l476xx.o
                0x08006b2c                Reset_Handler
 .text.Default_Handler
                0x08006b7c        0x2 startup/startup_stm32l476xx.o
                0x08006b7c                RTC_Alarm_IRQHandler
                0x08006b7c                EXTI2_IRQHandler
                0x08006b7c                TIM8_TRG_COM_IRQHandler
                0x08006b7c                TIM8_CC_IRQHandler
                0x08006b7c                TIM1_CC_IRQHandler
                0x08006b7c                TSC_IRQHandler
                0x08006b7c                TAMP_STAMP_IRQHandler
                0x08006b7c                EXTI3_IRQHandler
                0x08006b7c                LPTIM2_IRQHandler
                0x08006b7c                DFSDM1_FLT1_IRQHandler
                0x08006b7c                I2C3_ER_IRQHandler
                0x08006b7c                DFSDM1_FLT2_IRQHandler
                0x08006b7c                EXTI0_IRQHandler
                0x08006b7c                I2C2_EV_IRQHandler
                0x08006b7c                CAN1_RX0_IRQHandler
                0x08006b7c                FPU_IRQHandler
                0x08006b7c                TIM1_UP_TIM16_IRQHandler
                0x08006b7c                ADC1_2_IRQHandler
                0x08006b7c                SPI1_IRQHandler
                0x08006b7c                TIM6_DAC_IRQHandler
                0x08006b7c                TIM8_UP_IRQHandler
                0x08006b7c                DMA2_Channel2_IRQHandler
                0x08006b7c                DMA1_Channel4_IRQHandler
                0x08006b7c                SAI2_IRQHandler
                0x08006b7c                DFSDM1_FLT3_IRQHandler
                0x08006b7c                USART3_IRQHandler
                0x08006b7c                DMA1_Channel7_IRQHandler
                0x08006b7c                CAN1_RX1_IRQHandler
                0x08006b7c                LCD_IRQHandler
                0x08006b7c                UART5_IRQHandler
                0x08006b7c                ADC3_IRQHandler
                0x08006b7c                DMA2_Channel1_IRQHandler
                0x08006b7c                QUADSPI_IRQHandler
                0x08006b7c                I2C1_EV_IRQHandler
                0x08006b7c                DMA1_Channel6_IRQHandler
                0x08006b7c                UART4_IRQHandler
                0x08006b7c                DMA2_Channel4_IRQHandler
                0x08006b7c                RCC_IRQHandler
                0x08006b7c                DMA1_Channel1_IRQHandler
                0x08006b7c                Default_Handler
                0x08006b7c                DMA2_Channel7_IRQHandler
                0x08006b7c                TIM7_IRQHandler
                0x08006b7c                SDMMC1_IRQHandler
                0x08006b7c                TIM5_IRQHandler
                0x08006b7c                I2C3_EV_IRQHandler
                0x08006b7c                EXTI9_5_IRQHandler
                0x08006b7c                RTC_WKUP_IRQHandler
                0x08006b7c                PVD_PVM_IRQHandler
                0x08006b7c                SPI2_IRQHandler
                0x08006b7c                CAN1_TX_IRQHandler
                0x08006b7c                DMA2_Channel5_IRQHandler
                0x08006b7c                DMA1_Channel5_IRQHandler
                0x08006b7c                EXTI4_IRQHandler
                0x08006b7c                RNG_IRQHandler
                0x08006b7c                TIM1_TRG_COM_TIM17_IRQHandler
                0x08006b7c                DMA1_Channel3_IRQHandler
                0x08006b7c                COMP_IRQHandler
                0x08006b7c                WWDG_IRQHandler
                0x08006b7c                LPUART1_IRQHandler
                0x08006b7c                DMA2_Channel6_IRQHandler
                0x08006b7c                EXTI1_IRQHandler
                0x08006b7c                USART2_IRQHandler
                0x08006b7c                DFSDM1_FLT0_IRQHandler
                0x08006b7c                I2C2_ER_IRQHandler
                0x08006b7c                DMA1_Channel2_IRQHandler
                0x08006b7c                TIM8_BRK_IRQHandler
                0x08006b7c                CAN1_SCE_IRQHandler
                0x08006b7c                FLASH_IRQHandler
                0x08006b7c                USART1_IRQHandler
                0x08006b7c                OTG_FS_IRQHandler
                0x08006b7c                SPI3_IRQHandler
                0x08006b7c                I2C1_ER_IRQHandler
                0x08006b7c                FMC_IRQHandler
                0x08006b7c                SWPMI1_IRQHandler
                0x08006b7c                LPTIM1_IRQHandler
                0x08006b7c                SAI1_IRQHandler
                0x08006b7c                DMA2_Channel3_IRQHandler
                0x08006b7c                TIM1_BRK_TIM15_IRQHandler
 *fill*         0x08006b7e        0x2 
 .text.__libc_init_array
                0x08006b80       0x48 c:/ac6/systemworkbench/plugins/fr.ac6.mcu.externaltools.arm-none.win32_1.15.0.201708311556/tools/compiler/bin/../lib/gcc/arm-none-eabi/6.3.1/../../../../arm-none-eabi/lib/thumb/v7e-m\libc_nano.a(lib_a-init.o)
                0x08006b80                __libc_init_array
 .text.memcmp   0x08006bc8       0x1e c:/ac6/systemworkbench/plugins/fr.ac6.mcu.externaltools.arm-none.win32_1.15.0.201708311556/tools/compiler/bin/../lib/gcc/arm-none-eabi/6.3.1/../../../../arm-none-eabi/lib/thumb/v7e-m\libc_nano.a(lib_a-memcmp.o)
                0x08006bc8                memcmp
 .text.memcpy   0x08006be6       0x16 c:/ac6/systemworkbench/plugins/fr.ac6.mcu.externaltools.arm-none.win32_1.15.0.201708311556/tools/compiler/bin/../lib/gcc/arm-none-eabi/6.3.1/../../../../arm-none-eabi/lib/thumb/v7e-m\libc_nano.a(lib_a-memcpy-stub.o)
                0x08006be6                memcpy
 .text.memmove  0x08006bfc       0x34 c:/ac6/systemworkbench/plugins/fr.ac6.mcu.externaltools.arm-none.win32_1.15.0.201708311556/tools/compiler/bin/../lib/gcc/arm-none-eabi/6.3.1/../../../../arm-none-eabi/lib/thumb/v7e-m\libc_nano.a(lib_a-memmove.o)
                0x08006bfc                memmove
 .text.memset   0x08006c30       0x10 c:/ac6/systemworkbench/plugins/fr.ac6.mcu.externaltools.arm-none.win32_1.15.0.201708311556/tools/compiler/bin/../lib/gcc/arm-none-eabi/6.3.1/../../../../arm-none-eabi/lib/thumb/v7e-m\libc_nano.a(lib_a-memset.o)
                0x08006c30                memset
 .text.sprintf  0x08006c40       0x48 c:/ac6/systemworkbench/plugins/fr.ac6.mcu.externaltools.arm-none.win32_1.15.0.201708311556/tools/compiler/bin/../lib/gcc/arm-none-eabi/6.3.1/../../../../arm-none-eabi/lib/thumb/v7e-m\libc_nano.a(lib_a-sprintf.o)
                0x08006c40                siprintf
                0x08006c40                sprintf
 .text.strcpy   0x08006c88       0x10 c:/ac6/systemworkbench/plugins/fr.ac6.mcu.externaltools.arm-none.win32_1.15.0.201708311556/tools/compiler/bin/../lib/gcc/arm-none-eabi/6.3.1/../../../../arm-none-eabi/lib/thumb/v7e-m\libc_nano.a(lib_a-strcpy.o)
                0x08006c88                strcpy
 .text.__ssputs_r
                0x08006c98       0xb6 c:/ac6/systemworkbench/plugins/fr.ac6.mcu.externaltools.arm-none.win32_1.15.0.201708311556/tools/compiler/bin/../lib/gcc/arm-none-eabi/6.3.1/../../../../arm-none-eabi/lib/thumb/v7e-m\libc_nano.a(lib_a-nano-svfprintf.o)
                0x08006c98                __ssputs_r
 *fill*         0x08006d4e        0x2 
 .text._svfprintf_r
                0x08006d50      0x1e8 c:/ac6/systemworkbench/plugins/fr.ac6.mcu.externaltools.arm-none.win32_1.15.0.201708311556/tools/compiler/bin/../lib/gcc/arm-none-eabi/6.3.1/../../../../arm-none-eabi/lib/thumb/v7e-m\libc_nano.a(lib_a-nano-svfprintf.o)
                0x08006d50                _svfiprintf_r
                0x08006d50                _svfprintf_r
 .text._printf_common
                0x08006f38       0xec c:/ac6/systemworkbench/plugins/fr.ac6.mcu.externaltools.arm-none.win32_1.15.0.201708311556/tools/compiler/bin/../lib/gcc/arm-none-eabi/6.3.1/../../../../arm-none-eabi/lib/thumb/v7e-m\libc_nano.a(lib_a-nano-vfprintf_i.o)
                0x08006f38                _printf_common
 .text._printf_i
                0x08007024      0x240 c:/ac6/systemworkbench/plugins/fr.ac6.mcu.externaltools.arm-none.win32_1.15.0.201708311556/tools/compiler/bin/../lib/gcc/arm-none-eabi/6.3.1/../../../../arm-none-eabi/lib/thumb/v7e-m\libc_nano.a(lib_a-nano-vfprintf_i.o)
                0x08007024                _printf_i
 .text._free_r  0x08007264       0x9c c:/ac6/systemworkbench/plugins/fr.ac6.mcu.externaltools.arm-none.win32_1.15.0.201708311556/tools/compiler/bin/../lib/gcc/arm-none-eabi/6.3.1/../../../../arm-none-eabi/lib/thumb/v7e-m\libc_nano.a(lib_a-nano-freer.o)
                0x08007264                _free_r
 .text._malloc_r
                0x08007300       0xbc c:/ac6/systemworkbench/plugins/fr.ac6.mcu.externaltools.arm-none.win32_1.15.0.201708311556/tools/compiler/bin/../lib/gcc/arm-none-eabi/6.3.1/../../../../arm-none-eabi/lib/thumb/v7e-m\libc_nano.a(lib_a-nano-mallocr.o)
                0x08007300                _malloc_r
 .text._realloc_r
                0x080073bc       0x4c c:/ac6/systemworkbench/plugins/fr.ac6.mcu.externaltools.arm-none.win32_1.15.0.201708311556/tools/compiler/bin/../lib/gcc/arm-none-eabi/6.3.1/../../../../arm-none-eabi/lib/thumb/v7e-m\libc_nano.a(lib_a-nano-reallocr.o)
                0x080073bc                _realloc_r
 .text._sbrk_r  0x08007408       0x20 c:/ac6/systemworkbench/plugins/fr.ac6.mcu.externaltools.arm-none.win32_1.15.0.201708311556/tools/compiler/bin/../lib/gcc/arm-none-eabi/6.3.1/../../../../arm-none-eabi/lib/thumb/v7e-m\libc_nano.a(lib_a-sbrkr.o)
                0x08007408                _sbrk_r
 .text.__malloc_lock
                0x08007428        0x2 c:/ac6/systemworkbench/plugins/fr.ac6.mcu.externaltools.arm-none.win32_1.15.0.201708311556/tools/compiler/bin/../lib/gcc/arm-none-eabi/6.3.1/../../../../arm-none-eabi/lib/thumb/v7e-m\libc_nano.a(lib_a-mlock.o)
                0x08007428                __malloc_lock
 .text.__malloc_unlock
                0x0800742a        0x2 c:/ac6/systemworkbench/plugins/fr.ac6.mcu.externaltools.arm-none.win32_1.15.0.201708311556/tools/compiler/bin/../lib/gcc/arm-none-eabi/6.3.1/../../../../arm-none-eabi/lib/thumb/v7e-m\libc_nano.a(lib_a-mlock.o)
                0x0800742a                __malloc_unlock
 .text._malloc_usable_size_r
                0x0800742c       0x12 c:/ac6/systemworkbench/plugins/fr.ac6.mcu.externaltools.arm-none.win32_1.15.0.201708311556/tools/compiler/bin/../lib/gcc/arm-none-eabi/6.3.1/../../../../arm-none-eabi/lib/thumb/v7e-m\libc_nano.a(lib_a-nano-msizer.o)
                0x0800742c                _malloc_usable_size_r
 *fill*         0x0800743e        0x2 
 .text._sbrk    0x08007440       0x1c c:/ac6/systemworkbench/plugins/fr.ac6.mcu.externaltools.arm-none.win32_1.15.0.201708311556/tools/compiler/bin/../lib/gcc/arm-none-eabi/6.3.1/../../../../arm-none-eabi/lib/thumb/v7e-m\libnosys.a(sbrk.o)
                0x08007440                _sbrk
 *(.glue_7)
 .glue_7        0x0800745c        0x0 linker stubs
 *(.glue_7t)
 .glue_7t       0x0800745c        0x0 linker stubs
 *(.eh_frame)
 .eh_frame      0x0800745c        0x0 c:/ac6/systemworkbench/plugins/fr.ac6.mcu.externaltools.arm-none.win32_1.15.0.201708311556/tools/compiler/bin/../lib/gcc/arm-none-eabi/6.3.1/thumb/v7e-m/crtbegin.o
 *(.init)
 .init          0x0800745c        0x4 c:/ac6/systemworkbench/plugins/fr.ac6.mcu.externaltools.arm-none.win32_1.15.0.201708311556/tools/compiler/bin/../lib/gcc/arm-none-eabi/6.3.1/thumb/v7e-m/crti.o
                0x0800745c                _init
 .init          0x08007460        0x8 c:/ac6/systemworkbench/plugins/fr.ac6.mcu.externaltools.arm-none.win32_1.15.0.201708311556/tools/compiler/bin/../lib/gcc/arm-none-eabi/6.3.1/thumb/v7e-m/crtn.o
 *(.fini)
 .fini          0x08007468        0x4 c:/ac6/systemworkbench/plugins/fr.ac6.mcu.externaltools.arm-none.win32_1.15.0.201708311556/tools/compiler/bin/../lib/gcc/arm-none-eabi/6.3.1/thumb/v7e-m/crti.o
                0x08007468                _fini
 .fini          0x0800746c        0x8 c:/ac6/systemworkbench/plugins/fr.ac6.mcu.externaltools.arm-none.win32_1.15.0.201708311556/tools/compiler/bin/../lib/gcc/arm-none-eabi/6.3.1/thumb/v7e-m/crtn.o
                0x08007478                . = ALIGN (0x8)
 *fill*         0x08007474        0x4 
                0x08007478                _etext = .

.vfp11_veneer   0x08007478        0x0
 .vfp11_veneer  0x08007478        0x0 linker stubs

.v4_bx          0x08007478        0x0
 .v4_bx         0x08007478        0x0 linker stubs

.iplt           0x08007478        0x0
 .iplt          0x08007478        0x0 c:/ac6/systemworkbench/plugins/fr.ac6.mcu.externaltools.arm-none.win32_1.15.0.201708311556/tools/compiler/bin/../lib/gcc/arm-none-eabi/6.3.1/thumb/v7e-m/crtbegin.o

.rodata         0x08007478      0x710
                0x08007478                . = ALIGN (0x8)
 *(.rodata)
 .rodata        0x08007478       0x11 Drivers/STM32L4xx_HAL_Driver/Src/stm32l4xx_hal_uart.o
 *fill*         0x08007489        0x3 
 .rodata        0x0800748c       0x48 Src/system_stm32l4xx.o
                0x0800748c                MSIRangeTable
                0x080074bc                AHBPrescTable
                0x080074cc                APBPrescTable
 .rodata        0x080074d4       0x22 Src/lib_pcd/lib_iso14443Apcd.o
 .rodata        0x080074f6        0xb Src/lib_pcd/lib_iso14443Bpcd.o
 .rodata        0x08007501        0x6 Src/lib_pcd/lib_iso15693pcd.o
 .rodata        0x08007507        0xf Src/lib_pcd/lib_iso18092pcd.o
 .rodata        0x08007516        0x8 Src/lib_pcd/lib_nfctype1pcd.o
 .rodata        0x0800751e        0xd Src/lib_pcd/lib_nfctype2pcd.o
 .rodata        0x0800752b        0xf Src/lib_pcd/lib_nfctype3pcd.o
 .rodata        0x0800753a        0xa Src/lib_pcd/lib_nfctype4pcd.o
 *(.rodata*)
 .rodata.str1.1
                0x08007544       0x3b Drivers/STM32L4xx_HAL_Driver/Src/stm32l4xx_hal_cortex.o
 .rodata.str1.1
                0x0800757f       0x39 Drivers/STM32L4xx_HAL_Driver/Src/stm32l4xx_hal_gpio.o
 .rodata.str1.1
                0x080075b8       0x3b Drivers/STM32L4xx_HAL_Driver/Src/stm32l4xx_hal_pwr_ex.o
 .rodata.str1.1
                0x080075f3       0x38 Drivers/STM32L4xx_HAL_Driver/Src/stm32l4xx_hal_rcc.o
 .rodata.str1.1
                0x0800762b       0x3b Drivers/STM32L4xx_HAL_Driver/Src/stm32l4xx_hal_rcc_ex.o
 .rodata.str1.1
                0x08007666       0x38 Drivers/STM32L4xx_HAL_Driver/Src/stm32l4xx_hal_spi.o
 .rodata.str1.1
                0x0800769e       0x38 Drivers/STM32L4xx_HAL_Driver/Src/stm32l4xx_hal_tim.o
 .rodata.str1.1
                0x080076d6       0x39 Drivers/STM32L4xx_HAL_Driver/Src/stm32l4xx_hal_uart.o
 .rodata.str1.1
                0x0800770f      0x3e6 Src/main.o
 .rodata.str1.1
                0x08007af5       0x56 Src/lib_NDEF/lib_NDEF.o
 .rodata.str1.1
                0x08007b4b        0x3 Src/lib_NDEF/lib_NDEF_Text.o
 .rodata._svfprintf_r.str1.1
                0x08007b4e       0x11 c:/ac6/systemworkbench/plugins/fr.ac6.mcu.externaltools.arm-none.win32_1.15.0.201708311556/tools/compiler/bin/../lib/gcc/arm-none-eabi/6.3.1/../../../../arm-none-eabi/lib/thumb/v7e-m\libc_nano.a(lib_a-nano-svfprintf.o)
 .rodata._printf_i.str1.1
                0x08007b5f       0x22 c:/ac6/systemworkbench/plugins/fr.ac6.mcu.externaltools.arm-none.win32_1.15.0.201708311556/tools/compiler/bin/../lib/gcc/arm-none-eabi/6.3.1/../../../../arm-none-eabi/lib/thumb/v7e-m\libc_nano.a(lib_a-nano-vfprintf_i.o)
                0x08007b88                . = ALIGN (0x8)
 *fill*         0x08007b81        0x7 

.ARM.extab      0x08007b88        0x0
                0x08007b88                . = ALIGN (0x8)
 *(.ARM.extab* .gnu.linkonce.armextab.*)
                0x08007b88                . = ALIGN (0x8)

.ARM            0x08007b88        0x8
                0x08007b88                . = ALIGN (0x8)
                0x08007b88                __exidx_start = .
 *(.ARM.exidx*)
 .ARM.exidx     0x08007b88        0x8 c:/ac6/systemworkbench/plugins/fr.ac6.mcu.externaltools.arm-none.win32_1.15.0.201708311556/tools/compiler/bin/../lib/gcc/arm-none-eabi/6.3.1/thumb/v7e-m\libgcc.a(_udivmoddi4.o)
                0x08007b90                __exidx_end = .
                0x08007b90                . = ALIGN (0x8)

.rel.dyn        0x08007b90        0x0
 .rel.iplt      0x08007b90        0x0 c:/ac6/systemworkbench/plugins/fr.ac6.mcu.externaltools.arm-none.win32_1.15.0.201708311556/tools/compiler/bin/../lib/gcc/arm-none-eabi/6.3.1/thumb/v7e-m/crtbegin.o

.preinit_array  0x08007b90        0x0
                0x08007b90                . = ALIGN (0x8)
                0x08007b90                PROVIDE (__preinit_array_start, .)
 *(.preinit_array*)
                0x08007b90                PROVIDE (__preinit_array_end, .)
                0x08007b90                . = ALIGN (0x8)

.init_array     0x08007b90        0x8
                0x08007b90                . = ALIGN (0x8)
                0x08007b90                PROVIDE (__init_array_start, .)
 *(SORT(.init_array.*))
 *(.init_array*)
 .init_array    0x08007b90        0x4 c:/ac6/systemworkbench/plugins/fr.ac6.mcu.externaltools.arm-none.win32_1.15.0.201708311556/tools/compiler/bin/../lib/gcc/arm-none-eabi/6.3.1/thumb/v7e-m/crtbegin.o
                0x08007b94                PROVIDE (__init_array_end, .)
                0x08007b98                . = ALIGN (0x8)
 *fill*         0x08007b94        0x4 

.fini_array     0x08007b98        0x8
                0x08007b98                . = ALIGN (0x8)
                [!provide]                PROVIDE (__fini_array_start, .)
 *(SORT(.fini_array.*))
 *(.fini_array*)
 .fini_array    0x08007b98        0x4 c:/ac6/systemworkbench/plugins/fr.ac6.mcu.externaltools.arm-none.win32_1.15.0.201708311556/tools/compiler/bin/../lib/gcc/arm-none-eabi/6.3.1/thumb/v7e-m/crtbegin.o
                [!provide]                PROVIDE (__fini_array_end, .)
                0x08007ba0                . = ALIGN (0x8)
 *fill*         0x08007b9c        0x4 
                0x08007ba0                _sidata = LOADADDR (.data)

.data           0x20000000       0xb0 load address 0x08007ba0
                0x20000000                . = ALIGN (0x8)
                0x20000000                _sdata = .
 *(.data)
 .data          0x20000000        0xc Src/Drivers/btn_drv.o
                0x20000000                SpixTimeout
                0x20000004                LED_PORT
                0x20000008                BUTTON_PORT
 .data          0x2000000c       0x20 Src/Drivers/drv_led.o
                0x2000000c                NFC03A1_Led
 .data          0x2000002c        0x2 Src/common/lib_95HFConfigManager.o
                0x2000002c                IcVers
                0x2000002d                TargetMode
 .data          0x2000002e        0x1 Src/drv_95hf.o
                0x2000002e                EnableTimeOut
 *fill*         0x2000002f        0x1 
 .data          0x20000030        0x8 Src/main.o
                0x20000030                TT3NDEFfile
                0x20000034                TT3AttribInfo
 .data          0x20000038        0x4 Src/system_stm32l4xx.o
                0x20000038                SystemCoreClock
 .data          0x2000003c        0x8 Src/lib_NDEF/lib_NDEF.o
                0x2000003c                SPRecordStructAdd
 .data          0x20000044        0x4 Src/lib_pcd/lib_iso14443Apcd.o
                0x20000044                FWI
                0x20000046                FSC
 .data          0x20000048        0x1 Src/lib_pcd/lib_iso7816pcd.o
 *(.data*)
 *fill*         0x20000049        0x3 
 .data._impure_ptr
                0x2000004c        0x4 c:/ac6/systemworkbench/plugins/fr.ac6.mcu.externaltools.arm-none.win32_1.15.0.201708311556/tools/compiler/bin/../lib/gcc/arm-none-eabi/6.3.1/../../../../arm-none-eabi/lib/thumb/v7e-m\libc_nano.a(lib_a-impure.o)
                0x2000004c                _impure_ptr
 .data.impure_data
                0x20000050       0x60 c:/ac6/systemworkbench/plugins/fr.ac6.mcu.externaltools.arm-none.win32_1.15.0.201708311556/tools/compiler/bin/../lib/gcc/arm-none-eabi/6.3.1/../../../../arm-none-eabi/lib/thumb/v7e-m\libc_nano.a(lib_a-impure.o)
                0x200000b0                . = ALIGN (0x8)
                0x200000b0                _edata = .

.jcr            0x200000b0        0x0 load address 0x08007c50
 .jcr           0x200000b0        0x0 c:/ac6/systemworkbench/plugins/fr.ac6.mcu.externaltools.arm-none.win32_1.15.0.201708311556/tools/compiler/bin/../lib/gcc/arm-none-eabi/6.3.1/thumb/v7e-m/crtbegin.o

.igot.plt       0x200000b0        0x0 load address 0x08007c50
 .igot.plt      0x200000b0        0x0 c:/ac6/systemworkbench/plugins/fr.ac6.mcu.externaltools.arm-none.win32_1.15.0.201708311556/tools/compiler/bin/../lib/gcc/arm-none-eabi/6.3.1/thumb/v7e-m/crtbegin.o
                0x200000b0                . = ALIGN (0x4)

.bss            0x200000b0     0x22e8 load address 0x08007c50
                0x200000b0                _sbss = .
                0x200000b0                __bss_start__ = _sbss
 *(.bss)
 .bss           0x200000b0       0x1c c:/ac6/systemworkbench/plugins/fr.ac6.mcu.externaltools.arm-none.win32_1.15.0.201708311556/tools/compiler/bin/../lib/gcc/arm-none-eabi/6.3.1/thumb/v7e-m/crtbegin.o
 .bss           0x200000cc        0x3 Src/common/lib_95HFConfigManager.o
                0x200000cc                StopProcess
                0x200000cd                devicemode
                0x200000ce                nfc_tagtype
 .bss           0x200000cf      0x100 Src/main.o
 *fill*         0x200001cf        0x1 
 .bss           0x200001d0       0x10 Src/stm32l4xx_it.o
                0x200001d0                delay_timeout
                0x200001d2                RF_DataExpected
                0x200001d3                uDataReady
                0x200001d4                RF_DataReady
                0x200001d5                terminal_display_enabled
                0x200001d6                delay_us
                0x200001d8                delay_appli
                0x200001dc                nb_ms_elapsed
 .bss           0x200001e0        0x1 Src/lib_NDEF/lib_95HF_wrapper.o
                0x200001e0                updateFlash
 .bss           0x200001e1      0x108 Src/lib_pcd/lib_iso7816pcd.o
 .bss           0x200002e9        0x1 Src/lib_pcd/lib_pcd.o
                0x200002e9                TechnoSelected
 *(.bss*)
 *fill*         0x200002ea        0x2 
 .bss.__malloc_free_list
                0x200002ec        0x4 c:/ac6/systemworkbench/plugins/fr.ac6.mcu.externaltools.arm-none.win32_1.15.0.201708311556/tools/compiler/bin/../lib/gcc/arm-none-eabi/6.3.1/../../../../arm-none-eabi/lib/thumb/v7e-m\libc_nano.a(lib_a-nano-mallocr.o)
                0x200002ec                __malloc_free_list
 .bss.__malloc_sbrk_start
                0x200002f0        0x4 c:/ac6/systemworkbench/plugins/fr.ac6.mcu.externaltools.arm-none.win32_1.15.0.201708311556/tools/compiler/bin/../lib/gcc/arm-none-eabi/6.3.1/../../../../arm-none-eabi/lib/thumb/v7e-m\libc_nano.a(lib_a-nano-mallocr.o)
                0x200002f0                __malloc_sbrk_start
 .bss.heap_end.4116
                0x200002f4        0x4 c:/ac6/systemworkbench/plugins/fr.ac6.mcu.externaltools.arm-none.win32_1.15.0.201708311556/tools/compiler/bin/../lib/gcc/arm-none-eabi/6.3.1/../../../../arm-none-eabi/lib/thumb/v7e-m\libnosys.a(sbrk.o)
 *(COMMON)
 COMMON         0x200002f8        0x4 Drivers/STM32L4xx_HAL_Driver/Src/stm32l4xx_hal.o
                0x200002f8                uwTick
 COMMON         0x200002fc      0x278 Src/Drivers/com.o
                0x200002fc                UartHandle
                0x20000374                UART_RxBuffer
                0x20000474                UART_TxBuffer
 COMMON         0x20000574       0x10 Src/common/lib_95HFConfigManager.o
                0x20000574                TagUID
 COMMON         0x20000584      0x107 Src/drv_95hf.o
                0x20000584                u95HFBuffer
                0x20000686                drv95HFConfig
 *fill*         0x2000068b        0x1 
 COMMON         0x2000068c     0x12b8 Src/main.o
                0x2000068c                TT3Tag
                0x2000089c                TextRecordInfo
                0x20000ab8                htim4
                0x20000af8                url
                0x20000e68                CardNDEFfileT4A
                0x20001068                huart
                0x200010e0                TT2Tag
                0x200012e0                htim3
                0x20001320                TimHandleDelay
                0x20001360                TT1Tag
                0x200013da                CardNDEFfileT4B
                0x200015dc                htim2
                0x2000161c                TT5Tag
                0x2000181c                TimHandleTimeout
                0x2000185c                TimHandleAppli
                0x2000189c                TextInformatonStructure
                0x200018d0                hspi
                0x20001934                CardCCfile
 COMMON         0x20001944        0x3 Src/stm32l4xx_it.o
                0x20001944                uTimeOut
                0x20001945                uAppliTimeOut
                0x20001946                uDelayUs
 *fill*         0x20001947        0x1 
 COMMON         0x20001948      0x638 Src/lib_NDEF/lib_NDEF.o
                0x20001948                SPRecordStruct1
                0x20001b64                SPRecordStruct2
                0x20001d80                NDEF_Buffer
 COMMON         0x20001f80      0x18f Src/lib_pcd/lib_iso14443Apcd.o
                0x20001f80                u95HFBufferAntiCol
                0x20002082                ISO14443A_Card
 COMMON         0x2000210f       0x56 Src/lib_pcd/lib_iso14443Bpcd.o
                0x2000210f                ISO14443B_Card
 COMMON         0x20002165       0x29 Src/lib_pcd/lib_iso18092pcd.o
                0x20002165                FELICA_Card
 COMMON         0x2000218e      0x206 Src/lib_pcd/lib_iso7816pcd.o
                0x2000218e                bufferReceive
                0x20002291                bufferSend
 COMMON         0x20002394        0x4 c:/ac6/systemworkbench/plugins/fr.ac6.mcu.externaltools.arm-none.win32_1.15.0.201708311556/tools/compiler/bin/../lib/gcc/arm-none-eabi/6.3.1/../../../../arm-none-eabi/lib/thumb/v7e-m\libc_nano.a(lib_a-reent.o)
                0x20002394                errno
                0x20002398                . = ALIGN (0x4)
                0x20002398                _ebss = .
                0x20002398                __bss_end__ = _ebss

._user_heap_stack
                0x20002398      0xe00 load address 0x08007c50
                0x20002398                . = ALIGN (0x8)
                0x20002398                PROVIDE (end, .)
                [!provide]                PROVIDE (_end, .)
                0x20002598                . = (. + _Min_Heap_Size)
 *fill*         0x20002398      0x200 
                0x20003198                . = (. + _Min_Stack_Size)
 *fill*         0x20002598      0xc00 
                0x20003198                . = ALIGN (0x8)

/DISCARD/
 libc.a(*)
 libm.a(*)
 libgcc.a(*)

.ARM.attributes
                0x00000000       0x2a
 *(.ARM.attributes)
 .ARM.attributes
                0x00000000       0x1e c:/ac6/systemworkbench/plugins/fr.ac6.mcu.externaltools.arm-none.win32_1.15.0.201708311556/tools/compiler/bin/../lib/gcc/arm-none-eabi/6.3.1/thumb/v7e-m/crti.o
 .ARM.attributes
                0x0000001e       0x2e c:/ac6/systemworkbench/plugins/fr.ac6.mcu.externaltools.arm-none.win32_1.15.0.201708311556/tools/compiler/bin/../lib/gcc/arm-none-eabi/6.3.1/thumb/v7e-m/crtbegin.o
 .ARM.attributes
                0x0000004c       0x33 Drivers/STM32L4xx_HAL_Driver/Src/stm32l4xx_hal.o
 .ARM.attributes
                0x0000007f       0x33 Drivers/STM32L4xx_HAL_Driver/Src/stm32l4xx_hal_cortex.o
 .ARM.attributes
                0x000000b2       0x33 Drivers/STM32L4xx_HAL_Driver/Src/stm32l4xx_hal_gpio.o
 .ARM.attributes
                0x000000e5       0x33 Drivers/STM32L4xx_HAL_Driver/Src/stm32l4xx_hal_pwr_ex.o
 .ARM.attributes
                0x00000118       0x33 Drivers/STM32L4xx_HAL_Driver/Src/stm32l4xx_hal_rcc.o
 .ARM.attributes
                0x0000014b       0x33 Drivers/STM32L4xx_HAL_Driver/Src/stm32l4xx_hal_rcc_ex.o
 .ARM.attributes
                0x0000017e       0x33 Drivers/STM32L4xx_HAL_Driver/Src/stm32l4xx_hal_spi.o
 .ARM.attributes
                0x000001b1       0x33 Drivers/STM32L4xx_HAL_Driver/Src/stm32l4xx_hal_tim.o
 .ARM.attributes
                0x000001e4       0x33 Drivers/STM32L4xx_HAL_Driver/Src/stm32l4xx_hal_tim_ex.o
 .ARM.attributes
                0x00000217       0x33 Drivers/STM32L4xx_HAL_Driver/Src/stm32l4xx_hal_uart.o
 .ARM.attributes
                0x0000024a       0x33 Src/Drivers/btn_drv.o
 .ARM.attributes
                0x0000027d       0x33 Src/Drivers/com.o
 .ARM.attributes
                0x000002b0       0x33 Src/Drivers/drv_led.o
 .ARM.attributes
                0x000002e3       0x33 Src/Drivers/drv_spi.o
 .ARM.attributes
                0x00000316       0x33 Src/Drivers/drv_uart.o
 .ARM.attributes
                0x00000349       0x33 Src/common/lib_95HFConfigManager.o
 .ARM.attributes
                0x0000037c       0x33 Src/drv_95hf.o
 .ARM.attributes
                0x000003af       0x33 Src/main.o
 .ARM.attributes
                0x000003e2       0x33 Src/stm32l4_hal_msp.o
 .ARM.attributes
                0x00000415       0x33 Src/stm32l4xx_hal_msp.o
 .ARM.attributes
                0x00000448       0x33 Src/stm32l4xx_it.o
 .ARM.attributes
                0x0000047b       0x33 Src/system_stm32l4xx.o
 .ARM.attributes
                0x000004ae       0x33 Src/lib_NDEF/lib_95HF_wrapper.o
 .ARM.attributes
                0x000004e1       0x33 Src/lib_NDEF/lib_NDEF.o
 .ARM.attributes
                0x00000514       0x33 Src/lib_NDEF/lib_NDEF_Text.o
 .ARM.attributes
                0x00000547       0x33 Src/lib_pcd/lib_iso14443Apcd.o
 .ARM.attributes
                0x0000057a       0x33 Src/lib_pcd/lib_iso14443Bpcd.o
 .ARM.attributes
                0x000005ad       0x33 Src/lib_pcd/lib_iso15693pcd.o
 .ARM.attributes
                0x000005e0       0x33 Src/lib_pcd/lib_iso18092pcd.o
 .ARM.attributes
                0x00000613       0x33 Src/lib_pcd/lib_iso7816pcd.o
 .ARM.attributes
                0x00000646       0x33 Src/lib_pcd/lib_nfctype1pcd.o
 .ARM.attributes
                0x00000679       0x33 Src/lib_pcd/lib_nfctype2pcd.o
 .ARM.attributes
                0x000006ac       0x33 Src/lib_pcd/lib_nfctype3pcd.o
 .ARM.attributes
                0x000006df       0x33 Src/lib_pcd/lib_nfctype4pcd.o
 .ARM.attributes
                0x00000712       0x33 Src/lib_pcd/lib_nfctype5pcd.o
 .ARM.attributes
                0x00000745       0x33 Src/lib_pcd/lib_pcd.o
 .ARM.attributes
                0x00000778       0x21 startup/startup_stm32l476xx.o
 .ARM.attributes
                0x00000799       0x2e c:/ac6/systemworkbench/plugins/fr.ac6.mcu.externaltools.arm-none.win32_1.15.0.201708311556/tools/compiler/bin/../lib/gcc/arm-none-eabi/6.3.1/../../../../arm-none-eabi/lib/thumb/v7e-m\libc_nano.a(lib_a-impure.o)
 .ARM.attributes
                0x000007c7       0x2e c:/ac6/systemworkbench/plugins/fr.ac6.mcu.externaltools.arm-none.win32_1.15.0.201708311556/tools/compiler/bin/../lib/gcc/arm-none-eabi/6.3.1/../../../../arm-none-eabi/lib/thumb/v7e-m\libc_nano.a(lib_a-init.o)
 .ARM.attributes
                0x000007f5       0x2e c:/ac6/systemworkbench/plugins/fr.ac6.mcu.externaltools.arm-none.win32_1.15.0.201708311556/tools/compiler/bin/../lib/gcc/arm-none-eabi/6.3.1/../../../../arm-none-eabi/lib/thumb/v7e-m\libc_nano.a(lib_a-memcmp.o)
 .ARM.attributes
                0x00000823       0x2e c:/ac6/systemworkbench/plugins/fr.ac6.mcu.externaltools.arm-none.win32_1.15.0.201708311556/tools/compiler/bin/../lib/gcc/arm-none-eabi/6.3.1/../../../../arm-none-eabi/lib/thumb/v7e-m\libc_nano.a(lib_a-memcpy-stub.o)
 .ARM.attributes
                0x00000851       0x2e c:/ac6/systemworkbench/plugins/fr.ac6.mcu.externaltools.arm-none.win32_1.15.0.201708311556/tools/compiler/bin/../lib/gcc/arm-none-eabi/6.3.1/../../../../arm-none-eabi/lib/thumb/v7e-m\libc_nano.a(lib_a-memmove.o)
 .ARM.attributes
                0x0000087f       0x2e c:/ac6/systemworkbench/plugins/fr.ac6.mcu.externaltools.arm-none.win32_1.15.0.201708311556/tools/compiler/bin/../lib/gcc/arm-none-eabi/6.3.1/../../../../arm-none-eabi/lib/thumb/v7e-m\libc_nano.a(lib_a-memset.o)
 .ARM.attributes
                0x000008ad       0x2e c:/ac6/systemworkbench/plugins/fr.ac6.mcu.externaltools.arm-none.win32_1.15.0.201708311556/tools/compiler/bin/../lib/gcc/arm-none-eabi/6.3.1/../../../../arm-none-eabi/lib/thumb/v7e-m\libc_nano.a(lib_a-sprintf.o)
 .ARM.attributes
                0x000008db       0x2e c:/ac6/systemworkbench/plugins/fr.ac6.mcu.externaltools.arm-none.win32_1.15.0.201708311556/tools/compiler/bin/../lib/gcc/arm-none-eabi/6.3.1/../../../../arm-none-eabi/lib/thumb/v7e-m\libc_nano.a(lib_a-strcpy.o)
 .ARM.attributes
                0x00000909       0x17 c:/ac6/systemworkbench/plugins/fr.ac6.mcu.externaltools.arm-none.win32_1.15.0.201708311556/tools/compiler/bin/../lib/gcc/arm-none-eabi/6.3.1/../../../../arm-none-eabi/lib/thumb/v7e-m\libc_nano.a(lib_a-strlen.o)
 .ARM.attributes
                0x00000920       0x2e c:/ac6/systemworkbench/plugins/fr.ac6.mcu.externaltools.arm-none.win32_1.15.0.201708311556/tools/compiler/bin/../lib/gcc/arm-none-eabi/6.3.1/../../../../arm-none-eabi/lib/thumb/v7e-m\libc_nano.a(lib_a-nano-svfprintf.o)
 .ARM.attributes
                0x0000094e       0x2e c:/ac6/systemworkbench/plugins/fr.ac6.mcu.externaltools.arm-none.win32_1.15.0.201708311556/tools/compiler/bin/../lib/gcc/arm-none-eabi/6.3.1/../../../../arm-none-eabi/lib/thumb/v7e-m\libc_nano.a(lib_a-nano-vfprintf_i.o)
 .ARM.attributes
                0x0000097c       0x1c c:/ac6/systemworkbench/plugins/fr.ac6.mcu.externaltools.arm-none.win32_1.15.0.201708311556/tools/compiler/bin/../lib/gcc/arm-none-eabi/6.3.1/../../../../arm-none-eabi/lib/thumb/v7e-m\libc_nano.a(lib_a-memchr.o)
 .ARM.attributes
                0x00000998       0x2e c:/ac6/systemworkbench/plugins/fr.ac6.mcu.externaltools.arm-none.win32_1.15.0.201708311556/tools/compiler/bin/../lib/gcc/arm-none-eabi/6.3.1/../../../../arm-none-eabi/lib/thumb/v7e-m\libc_nano.a(lib_a-nano-freer.o)
 .ARM.attributes
                0x000009c6       0x2e c:/ac6/systemworkbench/plugins/fr.ac6.mcu.externaltools.arm-none.win32_1.15.0.201708311556/tools/compiler/bin/../lib/gcc/arm-none-eabi/6.3.1/../../../../arm-none-eabi/lib/thumb/v7e-m\libc_nano.a(lib_a-nano-mallocr.o)
 .ARM.attributes
                0x000009f4       0x2e c:/ac6/systemworkbench/plugins/fr.ac6.mcu.externaltools.arm-none.win32_1.15.0.201708311556/tools/compiler/bin/../lib/gcc/arm-none-eabi/6.3.1/../../../../arm-none-eabi/lib/thumb/v7e-m\libc_nano.a(lib_a-nano-reallocr.o)
 .ARM.attributes
                0x00000a22       0x2e c:/ac6/systemworkbench/plugins/fr.ac6.mcu.externaltools.arm-none.win32_1.15.0.201708311556/tools/compiler/bin/../lib/gcc/arm-none-eabi/6.3.1/../../../../arm-none-eabi/lib/thumb/v7e-m\libc_nano.a(lib_a-sbrkr.o)
 .ARM.attributes
                0x00000a50       0x2e c:/ac6/systemworkbench/plugins/fr.ac6.mcu.externaltools.arm-none.win32_1.15.0.201708311556/tools/compiler/bin/../lib/gcc/arm-none-eabi/6.3.1/../../../../arm-none-eabi/lib/thumb/v7e-m\libc_nano.a(lib_a-mlock.o)
 .ARM.attributes
                0x00000a7e       0x2e c:/ac6/systemworkbench/plugins/fr.ac6.mcu.externaltools.arm-none.win32_1.15.0.201708311556/tools/compiler/bin/../lib/gcc/arm-none-eabi/6.3.1/../../../../arm-none-eabi/lib/thumb/v7e-m\libc_nano.a(lib_a-nano-msizer.o)
 .ARM.attributes
                0x00000aac       0x2e c:/ac6/systemworkbench/plugins/fr.ac6.mcu.externaltools.arm-none.win32_1.15.0.201708311556/tools/compiler/bin/../lib/gcc/arm-none-eabi/6.3.1/../../../../arm-none-eabi/lib/thumb/v7e-m\libc_nano.a(lib_a-reent.o)
 .ARM.attributes
                0x00000ada       0x1e c:/ac6/systemworkbench/plugins/fr.ac6.mcu.externaltools.arm-none.win32_1.15.0.201708311556/tools/compiler/bin/../lib/gcc/arm-none-eabi/6.3.1/thumb/v7e-m\libgcc.a(_aeabi_uldivmod.o)
 .ARM.attributes
                0x00000af8       0x2e c:/ac6/systemworkbench/plugins/fr.ac6.mcu.externaltools.arm-none.win32_1.15.0.201708311556/tools/compiler/bin/../lib/gcc/arm-none-eabi/6.3.1/thumb/v7e-m\libgcc.a(_udivmoddi4.o)
 .ARM.attributes
                0x00000b26       0x1e c:/ac6/systemworkbench/plugins/fr.ac6.mcu.externaltools.arm-none.win32_1.15.0.201708311556/tools/compiler/bin/../lib/gcc/arm-none-eabi/6.3.1/thumb/v7e-m\libgcc.a(_dvmd_tls.o)
 .ARM.attributes
                0x00000b44       0x2e c:/ac6/systemworkbench/plugins/fr.ac6.mcu.externaltools.arm-none.win32_1.15.0.201708311556/tools/compiler/bin/../lib/gcc/arm-none-eabi/6.3.1/../../../../arm-none-eabi/lib/thumb/v7e-m\libnosys.a(sbrk.o)
 .ARM.attributes
                0x00000b72       0x1e c:/ac6/systemworkbench/plugins/fr.ac6.mcu.externaltools.arm-none.win32_1.15.0.201708311556/tools/compiler/bin/../lib/gcc/arm-none-eabi/6.3.1/thumb/v7e-m/crtn.o
OUTPUT(NFC_TRY.elf elf32-littlearm)

.debug_info     0x00000000    0x403cd
 .debug_info    0x00000000     0x1969 Drivers/STM32L4xx_HAL_Driver/Src/stm32l4xx_hal.o
 .debug_info    0x00001969     0x1fc0 Drivers/STM32L4xx_HAL_Driver/Src/stm32l4xx_hal_cortex.o
 .debug_info    0x00003929     0x17fd Drivers/STM32L4xx_HAL_Driver/Src/stm32l4xx_hal_gpio.o
 .debug_info    0x00005126     0x1a6b Drivers/STM32L4xx_HAL_Driver/Src/stm32l4xx_hal_pwr_ex.o
 .debug_info    0x00006b91     0x1f2d Drivers/STM32L4xx_HAL_Driver/Src/stm32l4xx_hal_rcc.o
 .debug_info    0x00008abe     0x2460 Drivers/STM32L4xx_HAL_Driver/Src/stm32l4xx_hal_rcc_ex.o
 .debug_info    0x0000af1e     0x2eda Drivers/STM32L4xx_HAL_Driver/Src/stm32l4xx_hal_spi.o
 .debug_info    0x0000ddf8     0x5147 Drivers/STM32L4xx_HAL_Driver/Src/stm32l4xx_hal_tim.o
 .debug_info    0x00012f3f     0x2867 Drivers/STM32L4xx_HAL_Driver/Src/stm32l4xx_hal_tim_ex.o
 .debug_info    0x000157a6     0x279d Drivers/STM32L4xx_HAL_Driver/Src/stm32l4xx_hal_uart.o
 .debug_info    0x00017f43     0x2459 Src/Drivers/btn_drv.o
 .debug_info    0x0001a39c     0x137e Src/Drivers/com.o
 .debug_info    0x0001b71a     0x14e7 Src/Drivers/drv_led.o
 .debug_info    0x0001cc01     0x1815 Src/Drivers/drv_spi.o
 .debug_info    0x0001e416     0x17ed Src/Drivers/drv_uart.o
 .debug_info    0x0001fc03     0x1540 Src/common/lib_95HFConfigManager.o
 .debug_info    0x00021143     0x1d90 Src/drv_95hf.o
 .debug_info    0x00022ed3     0x2994 Src/main.o
 .debug_info    0x00025867     0x138a Src/stm32l4_hal_msp.o
 .debug_info    0x00026bf1     0x1d54 Src/stm32l4xx_hal_msp.o
 .debug_info    0x00028945     0x1849 Src/stm32l4xx_it.o
 .debug_info    0x0002a18e     0x13bd Src/system_stm32l4xx.o
 .debug_info    0x0002b54b     0x1200 Src/lib_NDEF/lib_95HF_wrapper.o
 .debug_info    0x0002c74b     0x190b Src/lib_NDEF/lib_NDEF.o
 .debug_info    0x0002e056     0x1305 Src/lib_NDEF/lib_NDEF_Text.o
 .debug_info    0x0002f35b     0x20be Src/lib_pcd/lib_iso14443Apcd.o
 .debug_info    0x00031419     0x1754 Src/lib_pcd/lib_iso14443Bpcd.o
 .debug_info    0x00032b6d     0x2d3a Src/lib_pcd/lib_iso15693pcd.o
 .debug_info    0x000358a7     0x137f Src/lib_pcd/lib_iso18092pcd.o
 .debug_info    0x00036c26     0x135c Src/lib_pcd/lib_iso7816pcd.o
 .debug_info    0x00037f82     0x11ac Src/lib_pcd/lib_nfctype1pcd.o
 .debug_info    0x0003912e     0x13f2 Src/lib_pcd/lib_nfctype2pcd.o
 .debug_info    0x0003a520     0x157d Src/lib_pcd/lib_nfctype3pcd.o
 .debug_info    0x0003ba9d     0x16ec Src/lib_pcd/lib_nfctype4pcd.o
 .debug_info    0x0003d189     0x16fd Src/lib_pcd/lib_nfctype5pcd.o
 .debug_info    0x0003e886     0x1ac1 Src/lib_pcd/lib_pcd.o
 .debug_info    0x00040347       0x86 startup/startup_stm32l476xx.o

.debug_abbrev   0x00000000     0x7380
 .debug_abbrev  0x00000000      0x394 Drivers/STM32L4xx_HAL_Driver/Src/stm32l4xx_hal.o
 .debug_abbrev  0x00000394      0x3cb Drivers/STM32L4xx_HAL_Driver/Src/stm32l4xx_hal_cortex.o
 .debug_abbrev  0x0000075f      0x2d1 Drivers/STM32L4xx_HAL_Driver/Src/stm32l4xx_hal_gpio.o
 .debug_abbrev  0x00000a30      0x30e Drivers/STM32L4xx_HAL_Driver/Src/stm32l4xx_hal_pwr_ex.o
 .debug_abbrev  0x00000d3e      0x312 Drivers/STM32L4xx_HAL_Driver/Src/stm32l4xx_hal_rcc.o
 .debug_abbrev  0x00001050      0x337 Drivers/STM32L4xx_HAL_Driver/Src/stm32l4xx_hal_rcc_ex.o
 .debug_abbrev  0x00001387      0x3b5 Drivers/STM32L4xx_HAL_Driver/Src/stm32l4xx_hal_spi.o
 .debug_abbrev  0x0000173c      0x3a0 Drivers/STM32L4xx_HAL_Driver/Src/stm32l4xx_hal_tim.o
 .debug_abbrev  0x00001adc      0x328 Drivers/STM32L4xx_HAL_Driver/Src/stm32l4xx_hal_tim_ex.o
 .debug_abbrev  0x00001e04      0x3ba Drivers/STM32L4xx_HAL_Driver/Src/stm32l4xx_hal_uart.o
 .debug_abbrev  0x000021be      0x429 Src/Drivers/btn_drv.o
 .debug_abbrev  0x000025e7      0x23f Src/Drivers/com.o
 .debug_abbrev  0x00002826      0x26e Src/Drivers/drv_led.o
 .debug_abbrev  0x00002a94      0x2dc Src/Drivers/drv_spi.o
 .debug_abbrev  0x00002d70      0x28e Src/Drivers/drv_uart.o
 .debug_abbrev  0x00002ffe      0x336 Src/common/lib_95HFConfigManager.o
 .debug_abbrev  0x00003334      0x3f6 Src/drv_95hf.o
 .debug_abbrev  0x0000372a      0x3c3 Src/main.o
 .debug_abbrev  0x00003aed      0x24d Src/stm32l4_hal_msp.o
 .debug_abbrev  0x00003d3a      0x29e Src/stm32l4xx_hal_msp.o
 .debug_abbrev  0x00003fd8      0x2f0 Src/stm32l4xx_it.o
 .debug_abbrev  0x000042c8      0x226 Src/system_stm32l4xx.o
 .debug_abbrev  0x000044ee      0x26a Src/lib_NDEF/lib_95HF_wrapper.o
 .debug_abbrev  0x00004758      0x3a5 Src/lib_NDEF/lib_NDEF.o
 .debug_abbrev  0x00004afd      0x29e Src/lib_NDEF/lib_NDEF_Text.o
 .debug_abbrev  0x00004d9b      0x49a Src/lib_pcd/lib_iso14443Apcd.o
 .debug_abbrev  0x00005235      0x411 Src/lib_pcd/lib_iso14443Bpcd.o
 .debug_abbrev  0x00005646      0x434 Src/lib_pcd/lib_iso15693pcd.o
 .debug_abbrev  0x00005a7a      0x31a Src/lib_pcd/lib_iso18092pcd.o
 .debug_abbrev  0x00005d94      0x2ca Src/lib_pcd/lib_iso7816pcd.o
 .debug_abbrev  0x0000605e      0x29c Src/lib_pcd/lib_nfctype1pcd.o
 .debug_abbrev  0x000062fa      0x30b Src/lib_pcd/lib_nfctype2pcd.o
 .debug_abbrev  0x00006605      0x352 Src/lib_pcd/lib_nfctype3pcd.o
 .debug_abbrev  0x00006957      0x397 Src/lib_pcd/lib_nfctype4pcd.o
 .debug_abbrev  0x00006cee      0x2de Src/lib_pcd/lib_nfctype5pcd.o
 .debug_abbrev  0x00006fcc      0x3a2 Src/lib_pcd/lib_pcd.o
 .debug_abbrev  0x0000736e       0x12 startup/startup_stm32l476xx.o

.debug_loc      0x00000000    0x1112f
 .debug_loc     0x00000000      0x16a Drivers/STM32L4xx_HAL_Driver/Src/stm32l4xx_hal.o
 .debug_loc     0x0000016a      0x56e Drivers/STM32L4xx_HAL_Driver/Src/stm32l4xx_hal_cortex.o
 .debug_loc     0x000006d8      0x448 Drivers/STM32L4xx_HAL_Driver/Src/stm32l4xx_hal_gpio.o
 .debug_loc     0x00000b20      0x6bc Drivers/STM32L4xx_HAL_Driver/Src/stm32l4xx_hal_pwr_ex.o
 .debug_loc     0x000011dc      0x5e5 Drivers/STM32L4xx_HAL_Driver/Src/stm32l4xx_hal_rcc.o
 .debug_loc     0x000017c1      0xc49 Drivers/STM32L4xx_HAL_Driver/Src/stm32l4xx_hal_rcc_ex.o
 .debug_loc     0x0000240a     0x1745 Drivers/STM32L4xx_HAL_Driver/Src/stm32l4xx_hal_spi.o
 .debug_loc     0x00003b4f     0x30ee Drivers/STM32L4xx_HAL_Driver/Src/stm32l4xx_hal_tim.o
 .debug_loc     0x00006c3d     0x12cb Drivers/STM32L4xx_HAL_Driver/Src/stm32l4xx_hal_tim_ex.o
 .debug_loc     0x00007f08     0x1a8f Drivers/STM32L4xx_HAL_Driver/Src/stm32l4xx_hal_uart.o
 .debug_loc     0x00009997      0x56c Src/Drivers/btn_drv.o
 .debug_loc     0x00009f03       0x63 Src/Drivers/drv_led.o
 .debug_loc     0x00009f66       0xbc Src/Drivers/drv_spi.o
 .debug_loc     0x0000a022      0x149 Src/Drivers/drv_uart.o
 .debug_loc     0x0000a16b       0x6c Src/common/lib_95HFConfigManager.o
 .debug_loc     0x0000a1d7      0x23a Src/drv_95hf.o
 .debug_loc     0x0000a411      0x2cf Src/main.o
 .debug_loc     0x0000a6e0       0x84 Src/stm32l4_hal_msp.o
 .debug_loc     0x0000a764      0x14b Src/stm32l4xx_hal_msp.o
 .debug_loc     0x0000a8af       0xc8 Src/stm32l4xx_it.o
 .debug_loc     0x0000a977      0x1be Src/system_stm32l4xx.o
 .debug_loc     0x0000ab35      0x5ab Src/lib_NDEF/lib_95HF_wrapper.o
 .debug_loc     0x0000b0e0      0x86d Src/lib_NDEF/lib_NDEF.o
 .debug_loc     0x0000b94d      0x402 Src/lib_NDEF/lib_NDEF_Text.o
 .debug_loc     0x0000bd4f      0xc88 Src/lib_pcd/lib_iso14443Apcd.o
 .debug_loc     0x0000c9d7      0x173 Src/lib_pcd/lib_iso14443Bpcd.o
 .debug_loc     0x0000cb4a     0x2109 Src/lib_pcd/lib_iso15693pcd.o
 .debug_loc     0x0000ec53       0x5d Src/lib_pcd/lib_iso18092pcd.o
 .debug_loc     0x0000ecb0      0x2b8 Src/lib_pcd/lib_iso7816pcd.o
 .debug_loc     0x0000ef68      0x217 Src/lib_pcd/lib_nfctype1pcd.o
 .debug_loc     0x0000f17f      0x4a3 Src/lib_pcd/lib_nfctype2pcd.o
 .debug_loc     0x0000f622      0x47c Src/lib_pcd/lib_nfctype3pcd.o
 .debug_loc     0x0000fa9e      0x6d4 Src/lib_pcd/lib_nfctype4pcd.o
 .debug_loc     0x00010172      0x8c4 Src/lib_pcd/lib_nfctype5pcd.o
 .debug_loc     0x00010a36      0x6f9 Src/lib_pcd/lib_pcd.o

.debug_aranges  0x00000000     0x1418
 .debug_aranges
                0x00000000      0x108 Drivers/STM32L4xx_HAL_Driver/Src/stm32l4xx_hal.o
 .debug_aranges
                0x00000108       0xa8 Drivers/STM32L4xx_HAL_Driver/Src/stm32l4xx_hal_cortex.o
 .debug_aranges
                0x000001b0       0x58 Drivers/STM32L4xx_HAL_Driver/Src/stm32l4xx_hal_gpio.o
 .debug_aranges
                0x00000208      0x130 Drivers/STM32L4xx_HAL_Driver/Src/stm32l4xx_hal_pwr_ex.o
 .debug_aranges
                0x00000338       0x88 Drivers/STM32L4xx_HAL_Driver/Src/stm32l4xx_hal_rcc.o
 .debug_aranges
                0x000003c0       0xc0 Drivers/STM32L4xx_HAL_Driver/Src/stm32l4xx_hal_rcc_ex.o
 .debug_aranges
                0x00000480      0x198 Drivers/STM32L4xx_HAL_Driver/Src/stm32l4xx_hal_spi.o
 .debug_aranges
                0x00000618      0x298 Drivers/STM32L4xx_HAL_Driver/Src/stm32l4xx_hal_tim.o
 .debug_aranges
                0x000008b0      0x138 Drivers/STM32L4xx_HAL_Driver/Src/stm32l4xx_hal_tim_ex.o
 .debug_aranges
                0x000009e8      0x1a0 Drivers/STM32L4xx_HAL_Driver/Src/stm32l4xx_hal_uart.o
 .debug_aranges
                0x00000b88       0xc0 Src/Drivers/btn_drv.o
 .debug_aranges
                0x00000c48       0x20 Src/Drivers/com.o
 .debug_aranges
                0x00000c68       0x40 Src/Drivers/drv_led.o
 .debug_aranges
                0x00000ca8       0x40 Src/Drivers/drv_spi.o
 .debug_aranges
                0x00000ce8       0x48 Src/Drivers/drv_uart.o
 .debug_aranges
                0x00000d30       0x30 Src/common/lib_95HFConfigManager.o
 .debug_aranges
                0x00000d60       0xb0 Src/drv_95hf.o
 .debug_aranges
                0x00000e10       0x50 Src/main.o
 .debug_aranges
                0x00000e60       0x38 Src/stm32l4_hal_msp.o
 .debug_aranges
                0x00000e98       0x50 Src/stm32l4xx_hal_msp.o
 .debug_aranges
                0x00000ee8       0xa0 Src/stm32l4xx_it.o
 .debug_aranges
                0x00000f88       0x28 Src/system_stm32l4xx.o
 .debug_aranges
                0x00000fb0       0x28 Src/lib_NDEF/lib_95HF_wrapper.o
 .debug_aranges
                0x00000fd8       0x40 Src/lib_NDEF/lib_NDEF.o
 .debug_aranges
                0x00001018       0x28 Src/lib_NDEF/lib_NDEF_Text.o
 .debug_aranges
                0x00001040       0x88 Src/lib_pcd/lib_iso14443Apcd.o
 .debug_aranges
                0x000010c8       0x48 Src/lib_pcd/lib_iso14443Bpcd.o
 .debug_aranges
                0x00001110       0x90 Src/lib_pcd/lib_iso15693pcd.o
 .debug_aranges
                0x000011a0       0x38 Src/lib_pcd/lib_iso18092pcd.o
 .debug_aranges
                0x000011d8       0x38 Src/lib_pcd/lib_iso7816pcd.o
 .debug_aranges
                0x00001210       0x38 Src/lib_pcd/lib_nfctype1pcd.o
 .debug_aranges
                0x00001248       0x38 Src/lib_pcd/lib_nfctype2pcd.o
 .debug_aranges
                0x00001280       0x40 Src/lib_pcd/lib_nfctype3pcd.o
 .debug_aranges
                0x000012c0       0x40 Src/lib_pcd/lib_nfctype4pcd.o
 .debug_aranges
                0x00001300       0x50 Src/lib_pcd/lib_nfctype5pcd.o
 .debug_aranges
                0x00001350       0xa0 Src/lib_pcd/lib_pcd.o
 .debug_aranges
                0x000013f0       0x28 startup/startup_stm32l476xx.o

.debug_ranges   0x00000000     0x1b68
 .debug_ranges  0x00000000       0xf8 Drivers/STM32L4xx_HAL_Driver/Src/stm32l4xx_hal.o
 .debug_ranges  0x000000f8       0xe0 Drivers/STM32L4xx_HAL_Driver/Src/stm32l4xx_hal_cortex.o
 .debug_ranges  0x000001d8       0x60 Drivers/STM32L4xx_HAL_Driver/Src/stm32l4xx_hal_gpio.o
 .debug_ranges  0x00000238      0x120 Drivers/STM32L4xx_HAL_Driver/Src/stm32l4xx_hal_pwr_ex.o
 .debug_ranges  0x00000358       0x78 Drivers/STM32L4xx_HAL_Driver/Src/stm32l4xx_hal_rcc.o
 .debug_ranges  0x000003d0       0xd8 Drivers/STM32L4xx_HAL_Driver/Src/stm32l4xx_hal_rcc_ex.o
 .debug_ranges  0x000004a8      0x248 Drivers/STM32L4xx_HAL_Driver/Src/stm32l4xx_hal_spi.o
 .debug_ranges  0x000006f0      0x368 Drivers/STM32L4xx_HAL_Driver/Src/stm32l4xx_hal_tim.o
 .debug_ranges  0x00000a58      0x128 Drivers/STM32L4xx_HAL_Driver/Src/stm32l4xx_hal_tim_ex.o
 .debug_ranges  0x00000b80      0x190 Drivers/STM32L4xx_HAL_Driver/Src/stm32l4xx_hal_uart.o
 .debug_ranges  0x00000d10      0x1a8 Src/Drivers/btn_drv.o
 .debug_ranges  0x00000eb8       0x38 Src/Drivers/com.o
 .debug_ranges  0x00000ef0       0x58 Src/Drivers/drv_led.o
 .debug_ranges  0x00000f48       0x78 Src/Drivers/drv_spi.o
 .debug_ranges  0x00000fc0       0x88 Src/Drivers/drv_uart.o
 .debug_ranges  0x00001048       0x60 Src/common/lib_95HFConfigManager.o
 .debug_ranges  0x000010a8       0xd0 Src/drv_95hf.o
 .debug_ranges  0x00001178       0x58 Src/main.o
 .debug_ranges  0x000011d0       0x28 Src/stm32l4_hal_msp.o
 .debug_ranges  0x000011f8       0xf0 Src/stm32l4xx_hal_msp.o
 .debug_ranges  0x000012e8       0x90 Src/stm32l4xx_it.o
 .debug_ranges  0x00001378       0x18 Src/system_stm32l4xx.o
 .debug_ranges  0x00001390       0x18 Src/lib_NDEF/lib_95HF_wrapper.o
 .debug_ranges  0x000013a8       0xc0 Src/lib_NDEF/lib_NDEF.o
 .debug_ranges  0x00001468       0x30 Src/lib_NDEF/lib_NDEF_Text.o
 .debug_ranges  0x00001498      0x118 Src/lib_pcd/lib_iso14443Apcd.o
 .debug_ranges  0x000015b0       0x58 Src/lib_pcd/lib_iso14443Bpcd.o
 .debug_ranges  0x00001608      0x278 Src/lib_pcd/lib_iso15693pcd.o
 .debug_ranges  0x00001880       0x40 Src/lib_pcd/lib_iso18092pcd.o
 .debug_ranges  0x000018c0       0x28 Src/lib_pcd/lib_iso7816pcd.o
 .debug_ranges  0x000018e8       0x28 Src/lib_pcd/lib_nfctype1pcd.o
 .debug_ranges  0x00001910       0x70 Src/lib_pcd/lib_nfctype2pcd.o
 .debug_ranges  0x00001980       0x80 Src/lib_pcd/lib_nfctype3pcd.o
 .debug_ranges  0x00001a00       0x48 Src/lib_pcd/lib_nfctype4pcd.o
 .debug_ranges  0x00001a48       0x40 Src/lib_pcd/lib_nfctype5pcd.o
 .debug_ranges  0x00001a88       0xc0 Src/lib_pcd/lib_pcd.o
 .debug_ranges  0x00001b48       0x20 startup/startup_stm32l476xx.o

.debug_macro    0x00000000    0x32645
 .debug_macro   0x00000000      0x4b4 Drivers/STM32L4xx_HAL_Driver/Src/stm32l4xx_hal.o
 .debug_macro   0x000004b4      0x8ce Drivers/STM32L4xx_HAL_Driver/Src/stm32l4xx_hal.o
 .debug_macro   0x00000d82       0x22 Drivers/STM32L4xx_HAL_Driver/Src/stm32l4xx_hal.o
 .debug_macro   0x00000da4       0x87 Drivers/STM32L4xx_HAL_Driver/Src/stm32l4xx_hal.o
 .debug_macro   0x00000e2b       0x51 Drivers/STM32L4xx_HAL_Driver/Src/stm32l4xx_hal.o
 .debug_macro   0x00000e7c       0xef Drivers/STM32L4xx_HAL_Driver/Src/stm32l4xx_hal.o
 .debug_macro   0x00000f6b       0x6a Drivers/STM32L4xx_HAL_Driver/Src/stm32l4xx_hal.o
 .debug_macro   0x00000fd5      0x1df Drivers/STM32L4xx_HAL_Driver/Src/stm32l4xx_hal.o
 .debug_macro   0x000011b4       0x22 Drivers/STM32L4xx_HAL_Driver/Src/stm32l4xx_hal.o
 .debug_macro   0x000011d6       0x58 Drivers/STM32L4xx_HAL_Driver/Src/stm32l4xx_hal.o
 .debug_macro   0x0000122e       0x35 Drivers/STM32L4xx_HAL_Driver/Src/stm32l4xx_hal.o
 .debug_macro   0x00001263       0x9c Drivers/STM32L4xx_HAL_Driver/Src/stm32l4xx_hal.o
 .debug_macro   0x000012ff      0x174 Drivers/STM32L4xx_HAL_Driver/Src/stm32l4xx_hal.o
 .debug_macro   0x00001473       0x58 Drivers/STM32L4xx_HAL_Driver/Src/stm32l4xx_hal.o
 .debug_macro   0x000014cb       0x1f Drivers/STM32L4xx_HAL_Driver/Src/stm32l4xx_hal.o
 .debug_macro   0x000014ea       0x43 Drivers/STM32L4xx_HAL_Driver/Src/stm32l4xx_hal.o
 .debug_macro   0x0000152d       0x20 Drivers/STM32L4xx_HAL_Driver/Src/stm32l4xx_hal.o
 .debug_macro   0x0000154d      0x187 Drivers/STM32L4xx_HAL_Driver/Src/stm32l4xx_hal.o
 .debug_macro   0x000016d4      0x330 Drivers/STM32L4xx_HAL_Driver/Src/stm32l4xx_hal.o
 .debug_macro   0x00001a04       0x10 Drivers/STM32L4xx_HAL_Driver/Src/stm32l4xx_hal.o
 .debug_macro   0x00001a14       0x35 Drivers/STM32L4xx_HAL_Driver/Src/stm32l4xx_hal.o
 .debug_macro   0x00001a49       0x3a Drivers/STM32L4xx_HAL_Driver/Src/stm32l4xx_hal.o
 .debug_macro   0x00001a83       0xb6 Drivers/STM32L4xx_HAL_Driver/Src/stm32l4xx_hal.o
 .debug_macro   0x00001b39       0x34 Drivers/STM32L4xx_HAL_Driver/Src/stm32l4xx_hal.o
 .debug_macro   0x00001b6d      0x11a Drivers/STM32L4xx_HAL_Driver/Src/stm32l4xx_hal.o
 .debug_macro   0x00001c87       0x5e Drivers/STM32L4xx_HAL_Driver/Src/stm32l4xx_hal.o
 .debug_macro   0x00001ce5       0x7c Drivers/STM32L4xx_HAL_Driver/Src/stm32l4xx_hal.o
 .debug_macro   0x00001d61       0x2e Drivers/STM32L4xx_HAL_Driver/Src/stm32l4xx_hal.o
 .debug_macro   0x00001d8f       0x64 Drivers/STM32L4xx_HAL_Driver/Src/stm32l4xx_hal.o
 .debug_macro   0x00001df3      0x130 Drivers/STM32L4xx_HAL_Driver/Src/stm32l4xx_hal.o
 .debug_macro   0x00001f23       0xfa Drivers/STM32L4xx_HAL_Driver/Src/stm32l4xx_hal.o
 .debug_macro   0x0000201d       0x70 Drivers/STM32L4xx_HAL_Driver/Src/stm32l4xx_hal.o
 .debug_macro   0x0000208d       0x3a Drivers/STM32L4xx_HAL_Driver/Src/stm32l4xx_hal.o
 .debug_macro   0x000020c7       0x46 Drivers/STM32L4xx_HAL_Driver/Src/stm32l4xx_hal.o
 .debug_macro   0x0000210d       0xe8 Drivers/STM32L4xx_HAL_Driver/Src/stm32l4xx_hal.o
 .debug_macro   0x000021f5      0x344 Drivers/STM32L4xx_HAL_Driver/Src/stm32l4xx_hal.o
 .debug_macro   0x00002539      0x484 Drivers/STM32L4xx_HAL_Driver/Src/stm32l4xx_hal.o
 .debug_macro   0x000029bd      0x1bc Drivers/STM32L4xx_HAL_Driver/Src/stm32l4xx_hal.o
 .debug_macro   0x00002b79       0xbe Drivers/STM32L4xx_HAL_Driver/Src/stm32l4xx_hal.o
 .debug_macro   0x00002c37      0x37c Drivers/STM32L4xx_HAL_Driver/Src/stm32l4xx_hal.o
 .debug_macro   0x00002fb3       0x28 Drivers/STM32L4xx_HAL_Driver/Src/stm32l4xx_hal.o
 .debug_macro   0x00002fdb       0x3b Drivers/STM32L4xx_HAL_Driver/Src/stm32l4xx_hal.o
 .debug_macro   0x00003016       0x50 Drivers/STM32L4xx_HAL_Driver/Src/stm32l4xx_hal.o
 .debug_macro   0x00003066      0xe66 Drivers/STM32L4xx_HAL_Driver/Src/stm32l4xx_hal.o
 .debug_macro   0x00003ecc    0x1a121 Drivers/STM32L4xx_HAL_Driver/Src/stm32l4xx_hal.o
 .debug_macro   0x0001dfed       0x3a Drivers/STM32L4xx_HAL_Driver/Src/stm32l4xx_hal.o
 .debug_macro   0x0001e027       0xb8 Drivers/STM32L4xx_HAL_Driver/Src/stm32l4xx_hal.o
 .debug_macro   0x0001e0df       0x2e Drivers/STM32L4xx_HAL_Driver/Src/stm32l4xx_hal.o
 .debug_macro   0x0001e10d       0x43 Drivers/STM32L4xx_HAL_Driver/Src/stm32l4xx_hal.o
 .debug_macro   0x0001e150     0x3788 Drivers/STM32L4xx_HAL_Driver/Src/stm32l4xx_hal.o
 .debug_macro   0x000218d8       0x50 Drivers/STM32L4xx_HAL_Driver/Src/stm32l4xx_hal.o
 .debug_macro   0x00021928      0x26b Drivers/STM32L4xx_HAL_Driver/Src/stm32l4xx_hal.o
 .debug_macro   0x00021b93      0x559 Drivers/STM32L4xx_HAL_Driver/Src/stm32l4xx_hal.o
 .debug_macro   0x000220ec       0x44 Drivers/STM32L4xx_HAL_Driver/Src/stm32l4xx_hal.o
 .debug_macro   0x00022130       0x4c Drivers/STM32L4xx_HAL_Driver/Src/stm32l4xx_hal.o
 .debug_macro   0x0002217c       0x16 Drivers/STM32L4xx_HAL_Driver/Src/stm32l4xx_hal.o
 .debug_macro   0x00022192      0x11f Drivers/STM32L4xx_HAL_Driver/Src/stm32l4xx_hal.o
 .debug_macro   0x000222b1       0xba Drivers/STM32L4xx_HAL_Driver/Src/stm32l4xx_hal.o
 .debug_macro   0x0002236b     0x1565 Drivers/STM32L4xx_HAL_Driver/Src/stm32l4xx_hal.o
 .debug_macro   0x000238d0      0x59e Drivers/STM32L4xx_HAL_Driver/Src/stm32l4xx_hal.o
 .debug_macro   0x00023e6e      0x148 Drivers/STM32L4xx_HAL_Driver/Src/stm32l4xx_hal.o
 .debug_macro   0x00023fb6      0x18b Drivers/STM32L4xx_HAL_Driver/Src/stm32l4xx_hal.o
 .debug_macro   0x00024141      0x23a Drivers/STM32L4xx_HAL_Driver/Src/stm32l4xx_hal.o
 .debug_macro   0x0002437b      0x36e Drivers/STM32L4xx_HAL_Driver/Src/stm32l4xx_hal.o
 .debug_macro   0x000246e9       0xe4 Drivers/STM32L4xx_HAL_Driver/Src/stm32l4xx_hal.o
 .debug_macro   0x000247cd      0x22c Drivers/STM32L4xx_HAL_Driver/Src/stm32l4xx_hal.o
 .debug_macro   0x000249f9       0x61 Drivers/STM32L4xx_HAL_Driver/Src/stm32l4xx_hal.o
 .debug_macro   0x00024a5a       0xa5 Drivers/STM32L4xx_HAL_Driver/Src/stm32l4xx_hal.o
 .debug_macro   0x00024aff      0x126 Drivers/STM32L4xx_HAL_Driver/Src/stm32l4xx_hal.o
 .debug_macro   0x00024c25      0x3db Drivers/STM32L4xx_HAL_Driver/Src/stm32l4xx_hal.o
 .debug_macro   0x00025000      0x2fe Drivers/STM32L4xx_HAL_Driver/Src/stm32l4xx_hal.o
 .debug_macro   0x000252fe      0x9f7 Drivers/STM32L4xx_HAL_Driver/Src/stm32l4xx_hal.o
 .debug_macro   0x00025cf5      0x1ec Drivers/STM32L4xx_HAL_Driver/Src/stm32l4xx_hal.o
 .debug_macro   0x00025ee1      0x325 Drivers/STM32L4xx_HAL_Driver/Src/stm32l4xx_hal.o
 .debug_macro   0x00026206      0x466 Drivers/STM32L4xx_HAL_Driver/Src/stm32l4xx_hal_cortex.o
 .debug_macro   0x0002666c      0x4a5 Drivers/STM32L4xx_HAL_Driver/Src/stm32l4xx_hal_gpio.o
 .debug_macro   0x00026b11      0x48a Drivers/STM32L4xx_HAL_Driver/Src/stm32l4xx_hal_pwr_ex.o
 .debug_macro   0x00026f9b      0x4a8 Drivers/STM32L4xx_HAL_Driver/Src/stm32l4xx_hal_rcc.o
 .debug_macro   0x00027443      0x49c Drivers/STM32L4xx_HAL_Driver/Src/stm32l4xx_hal_rcc_ex.o
 .debug_macro   0x000278df      0x46e Drivers/STM32L4xx_HAL_Driver/Src/stm32l4xx_hal_spi.o
 .debug_macro   0x00027d4d      0x467 Drivers/STM32L4xx_HAL_Driver/Src/stm32l4xx_hal_tim.o
 .debug_macro   0x000281b4      0x466 Drivers/STM32L4xx_HAL_Driver/Src/stm32l4xx_hal_tim_ex.o
 .debug_macro   0x0002861a      0x491 Drivers/STM32L4xx_HAL_Driver/Src/stm32l4xx_hal_uart.o